1) RA01S: spi_bus_initialize=0[0m
[0;32mI (421) RA01S: spi_bus_add_device=0[0m
[0;33mW (421) LORA: Enable TCXO[0m
[0;32mI (461) RA01S: Reset[0m
[0;32mI (461) RA01S: syncWord=0x1424[0m
[0;32mI (461) RA01S: SX126x installed[0m
[0;33mW (461) RA01S: WriteCommand2 status=0a retry=1[0m
[0;32mI (471) RA01S: tcxoVoltage=3.300000[0m
[0;32mI (481) RA01S: useRegulatorLDO=1[0m
[0;32mI (491) RA01S: SetStopRxTimerOnPreambleDetect enable=0[0m
the private key is (in char*) and the lenght is273:
 aaaaaaaaaaaaaaaaaaaaaaaaaaaaaaaaaaaaaa
aaaaaaaaaaaaaaaaaaaaaaaaaaaaaaaaaaaaaa
aaaaaaaaaaaaaaaaaaaaaaaaaaaaaaaaaaaaaa
aaaaaaaaaaaaaaaaaaaaaaaaaaaaaaaaaaaaaa
aaaaaaaaaaaaaaaaaaaaaaaaaaaaaaaaaaaaaa
aaaaaaaaaaaaaaaaaaaaaaaaaaaaaaaaaaaaaa
aaaaaaaaaaaaaaaaaaaaaaaaaaaaaaaaaaaaaa
,
failed
  ! mbedtls_pk_parse_key returned -0x3d00 - PK - Invalid key tag or value

Failed to write public key in PEM format
starting digital signature process
a3996cf32d6e5ed71d028532cd4341fd8751fca9ba1bca523b9589cec63398b9
Failed to write public key in PEM format
Failed to write public key in PEM format
error in signin the hashed message, message code: -16000
[0;32mI (551) LORA: Start[0m
Guru Meditation Error: Core  0 panic'ed (LoadProhibited). Exception was unhandled.

Core  0 register dump:
PC      : 0x42026188  PS      : 0x00060e30  A0      : 0x82025568  A1      : 0x3fc9c8c0  
A2      : 0x3fc9cab4  A3      : 0x3fc9cbe0  A4      : 0x00000000  A5      : 0x00000000  
A6      : 0x3fc9cc60  A7      : 0x00000000  A8      : 0x00000000  A9      : 0x00000000  
A10     : 0x00000000  A11     : 0x00000000  A12     : 0x000000ff  A13     : 0x0000ff00  
A14     : 0x00ff0000  A15     : 0xff000000  SAR     : 0x00000004  EXCCAUSE: 0x0000001c  
EXCVADDR: 0x00000000  LBEG    : 0x400556d5  LEND    : 0x400556e5  LCOUNT  : 0xffffffff  


Backtrace: 0x42026185:0x3fc9c8c0 0x42025565:0x3fc9cbe0 0x420091e4:0x3fc9cca0 0x420090f1:0x3fc9ccc0 0x42035dff:0x3fc9cd00 0x4037cc61:0x3fc9cd30




ELF file SHA256: 25a1bd329

Rebooting...
ESP-ROM:esp32s3-20210327
Build:Mar 27 2021
rst:0xc (RTC_SW_CPU_RST),boot:0x8 (SPI_FAST_FLASH_BOOT)
Saved PC:0x40375b10
SPIWP:0xee
mode:DIO, clock div:1
load:0x3fce3810,len:0x178c
load:0x403c9700,len:0x4
load:0x403c9704,len:0xcbc
load:0x403cc700,len:0x2d9c
entry 0x403c9914
[0;32mI (31) boot: ESP-IDF v5.2.2 2nd stage bootloaï¿½ESP-ROM:esp32s3-20210327
Build:Mar 27 2021
rst:0x1 (POWERON),boot:0x8 (SPI_FAST_FLASH_BOOT)
SPIWP:0xee
mode:DIO, clock div:1
load:0x3fce3810,len:0x178c
load:0x403c9700,len:0x4
load:0x403c9704,len:0xcbc
load:0x403cc700,len:0x2d9c
entry 0x403c9914
[0;32mI (27) boot: ESP-IDF v5.2.2 2nd stage bootloader[0m
[0;32mI (27) boot: compile time Jun 26 2024 15:39:06[0m
[0;32mI (27) boot: Multicore bootloader[0m
[0;32mI (30) boot: chip revision: v0.2[0m
[0;32mI (34) boot.esp32s3: Boot SPI Speed : 80MHz[0m
[0;32mI (38) boot.esp32s3: SPI Mode       : DIO[0m
[0;32mI (43) boot.esp32s3: SPI Flash Size : 2MB[0m
[0;32mI (48) boot: Enabling RNG early entropy source...[0m
[0;32mI (53) boot: Partition Table:[0m
[0;32mI (57) boot: ## Label            Usage          Type ST Offset   Length[0m
[0;32mI (64) boot:  0 nvs              WiFi data        01 02 00009000 00006000[0m
[0;32mI (72) boot:  1 phy_init         RF data          01 01 0000f000 00001000[0m
[0;32mI (79) boot:  2 factory          factory app      00 00 00010000 00100000[0m
[0;32mI (87) boot: End of partition table[0m
[0;32mI (91) esp_image: segment 0: paddr=00010020 vaddr=3c040020 size=1a318h (107288) map[0m
[0;32mI (118) esp_image: segment 1: paddr=0002a340 vaddr=3fc95a00 size=02b5ch ( 11100) load[0m
[0;32mI (121) esp_image: segment 2: paddr=0002cea4 vaddr=40374000 size=03174h ( 12660) load[0m
[0;32mI (127) esp_image: segment 3: paddr=00030020 vaddr=42000020 size=36ce8h (224488) map[0m
[0;32mI (173) esp_image: segment 4: paddr=00066d10 vaddr=40377174 size=0e86ch ( 59500) load[0m
[0;32mI (186) esp_image: segment 5: paddr=00075584 vaddr=50000000 size=00004h (     4) load[0m
[0;32mI (187) esp_image: segment 6: paddr=00075590 vaddr=600fe000 size=00070h (   112) load[0m
[0;32mI (199) boot: Loaded app from partition at offset 0x10000[0m
[0;32mI (199) boot: Disabling RNG early entropy source...[0m
[0;32mI (215) cpu_start: Multicore app[0m
[0;32mI (225) cpu_start: Pro cpu start user code[0m
[0;32mI (225) cpu_start: cpu freq: 160000000 Hz[0m
[0;32mI (225) cpu_start: Application information:[0m
[0;32mI (228) cpu_start: Project name:     iLot[0m
[0;32mI (233) cpu_start: App version:      8e7953c-dirty[0m
[0;32mI (238) cpu_start: Compile time:     Jun 26 2024 15:38:49[0m
[0;32mI (244) cpu_start: ELF file SHA256:  25a1bd329...[0m
[0;32mI (250) cpu_start: ESP-IDF:          v5.2.2[0m
[0;32mI (255) cpu_start: Min chip rev:     v0.0[0m
[0;32mI (259) cpu_start: Max chip rev:     v0.99 [0m
[0;32mI (264) cpu_start: Chip rev:         v0.2[0m
[0;32mI (269) heap_init: Initializing. RAM available for dynamic allocation:[0m
[0;32mI (276) heap_init: At 3FC99098 len 00050678 (321 KiB): RAM[0m
[0;32mI (282) heap_init: At 3FCE9710 len 00005724 (21 KiB): RAM[0m
[0;32mI (288) heap_init: At 3FCF0000 len 00008000 (32 KiB): DRAM[0m
[0;32mI (294) heap_init: At 600FE070 len 00001F78 (7 KiB): RTCRAM[0m
[0;32mI (302) spi_flash: detected chip: gd[0m
[0;32mI (305) spi_flash: flash io: dio[0m
[0;33mW (309) spi_flash: Detected size(8192k) larger than the size in the binary image header(2048k). Using the size in the binary image header.[0m
[0;32mI (322) sleep: Configure to isolate all GPIO pins in sleep state[0m
[0;32mI (329) sleep: Enable automatic switching of GPIO sleep configuration[0m
[0;32mI (336) main_task: Started on CPU0[0m
[0;32mI (346) main_task: Calling app_main()[0m
[0;32mI (346) LORA: Frequency is 868MHz[0m
[0;32mI (346) RA01S: CONFIG_MISO_GPIO=11[0m
[0;32mI (356) RA01S: CONFIG_MOSI_GPIO=10[0m
[0;32mI (356) RA01S: CONFIG_SCLK_GPIO=9[0m
[0;32mI (356) RA01S: CONFIG_NSS_GPIO=8[0m
[0;32mI (366) RA01S: CONFIG_RST_GPIO=12[0m
[0;32mI (366) RA01S: CONFIG_BUSY_GPIO=13[0m
[0;32mI (376) RA01S: CONFIG_TXEN_GPIO=-1[0m
[0;32mI (376) RA01S: CONFIG_RXEN_GPIO=-1[0m
[0;32mI (376) gpio: GPIO[8]| InputEn: 0| OutputEn: 0| OpenDrain: 0| Pullup: 1| Pulldown: 0| Intr:0 [0m
[0;32mI (386) gpio: GPIO[12]| InputEn: 0| OutputEn: 0| OpenDrain: 0| Pullup: 1| Pulldown: 0| Intr:0 [0m
[0;32mI (396) gpio: GPIO[13]| InputEn: 0| OutputEn: 0| OpenDrain: 0| Pullup: 1| Pulldown: 0| Intr:0 [0m
[0;32mI (406) RA01S: spi_bus_initialize=0[0m
[0;32mI (416) RA01S: spi_bus_add_device=0[0m
[0;33mW (416) LORA: Enable TCXO[0m
[0;32mI (456) RA01S: Reset[0m
[0;32mI (456) RA01S: syncWord=0x1424[0m
[0;32mI (456) RA01S: SX126x installed[0m
[0;33mW (456) RA01S: WriteCommand2 status=0a retry=1[0m
[0;32mI (466) RA01S: tcxoVoltage=3.300000[0m
[0;32mI (476) RA01S: useRegulatorLDO=1[0m
[0;32mI (486) RA01S: SetStopRxTimerOnPreambleDetect enable=0[0m
the private key is (in char*) and the lenght is273:
 aaaaaaaaaaaaaaaaaaaaaaaaaaaaaaaaaaaaaa
aaaaaaaaaaaaaaaaaaaaaaaaaaaaaaaaaaaaaa
aaaaaaaaaaaaaaaaaaaaaaaaaaaaaaaaaaaaaa
aaaaaaaaaaaaaaaaaaaaaaaaaaaaaaaaaaaaaa
aaaaaaaaaaaaaaaaaaaaaaaaaaaaaaaaaaaaaa
aaaaaaaaaaaaaaaaaaaaaaaaaaaaaaaaaaaaaa
aaaaaaaaaaaaaaaaaaaaaaaaaaaaaaaaaaaaaa
,
failed
  ! mbedtls_pk_parse_key returned -0x3d00 - PK - Invalid key tag or value

Failed to write public key in PEM format
starting digital signature process
a3996cf32d6e5ed71d028532cd4341fd8751fca9ba1bca523b9589cec63398b9
Failed to write public key in PEM format
Failed to write public key in PEM format
error in signin the hashed message, message code: -16000
[0;32mI (546) LORA: Start[0m
Guru Meditation Error: Core  0 panic'ed (LoadProhibited). Exception was unhandled.

Core  0 register dump:
PC      : 0x42026188  PS      : 0x00060e30  A0      : 0x82025568  A1      : 0x3fc9c8c0  
A2      : 0x3fc9cab4  A3      : 0x3fc9cbe0  A4      : 0x00000000  A5      : 0x00000000  
A6      : 0x3fc9cc60  A7      : 0x00000000  A8      : 0x00000000  A9      : 0x00000000  
A10     : 0x00000000  A11     : 0x00000000  A12     : 0x000000ff  A13     : 0x0000ff00  
A14     : 0x00ff0000  A15     : 0xff000000  SAR     : 0x00000004  EXCCAUSE: 0x0000001c  
EXCVADDR: 0x00000000  LBEG    : 0x400556d5  LEND    : 0x400556e5  LCOUNT  : 0xffffffff  


Backtrace: 0x42026185:0x3fc9c8c0 0x42025565:0x3fc9cbe0 0x420091e4:0x3fc9cca0 0x420090f1:0x3fc9ccc0 0x42035dff:0x3fc9cd00 0x4037cc61:0x3fc9cd30




ELF file SHA256: 25a1bd329

Rebooting...
ESP-ROM:esp32s3-20210327
Build:Mar 27 2021
rst:0xc (RTC_SW_CPU_RST),boot:0x8 (SPI_FAST_FLASH_BOOT)
Saved PC:0x40375b10
SPIWP:0xee
mode:DIO, clock div:1
load:0x3fce3810,len:0x178c
load:0x403c9700,len:0x4
load:0x403c9704,len:0xcbc
load:0x403cc700,len:0x2d9c
entry 0x403c9914
[0;32mI (31) boot: ESP-IDF v5.2.2 2nd stage bootloader[0m
[0;32mI (31) boot: compile time Jun 26 2024 15:39:06[0m
[0;32mI (31) boot: Multicore bootloader[0m
[0;32mI (34) boot: chip revision: v0.2[0m
[0;32mI (38) boot.esp32s3: Boot SPI Speed : 80MHz[0m
[0;32mI (43) boot.esp32s3: SPI Mode       : DIO[0m
[0;32mI (48) boot.esp32s3: SPI Flash Size : 2MB[0m
[0;32mI (52) boot: Enabling RNG early entropy source...[0m
[0;32mI (58) boot: Partition Table:[0m
[0;32mI (61) boot: ## Label            Usage          Type ST Offset   Length[0m
[0;32mI (69) boot:  0 nvs              WiFi data        01 02 00009000 00006000[0m
[0;32mI (76) boot:  1 phy_init         RF data          01 01 0000f000 00001000[0m
[0;32mI (84) boot:  2 factory          factory app      00 00 00010000 00100000[0m
[0;32mI (91) boot: End of partition table[0m
[0;32mI (95) esp_image: segment 0: paddr=00010020 vaddr=3c040020 size=1a318h (107288) map[0m
[0;32mI (123) esp_image: segment 1: paddr=0002a340 vaddr=3fc95a00 size=02b5ch ( 11100) load[0m
[0;32mI (126) esp_image: segment 2: paddr=0002cea4 vaddr=40374000 size=03174h ( 12660) load[0m
[0;32mI (132) esp_image: segment 3: paddr=00030020 vaddr=42000020 size=36ce8h (224488) map[0m
[0;32mI (177) esp_image: segment 4: paddr=00066d10 vaddr=40377174 size=0e86ch ( 59500) load[0m
[0;32mI (191) esp_image: segment 5: paddr=00075584 vaddr=50000000 size=00004h (     4) load[0m
[0;32mI (191) esp_image: segment 6: paddr=00075590 vaddr=600fe000 size=00070h (   112) load[0m
[0;32mI (204) boot: Loaded app from partition at offset 0x10000[0m
[0;32mI (204) boot: Disabling RNG early entropy source...[0m
[0;32mI (219) cpu_start: Multicore app[0m
[0;32mI (229) cpu_start: Pro cpu start user code[0m
[0;32mI (230) cpu_start: cpu freq: 160000000 Hz[0m
[0;32mI (230) cpu_start: Application information:[0m
[0;32mI (233) cpu_start: Project name:     iLot[0m
[0;32mI (237) cpu_start: App version:      8e7953c-dirty[0m
[0;32mI (243) cpu_start: Compile time:     Jun 26 2024 15:38:49[0m
[0;32mI (249) cpu_start: ELF file SHA256:  25a1bd329...[0m
[0;32mI (254) cpu_start: ESP-IDF:          v5.2.2[0m
[0;32mI (259) cpu_start: Min chip rev:     v0.0[0m
[0;32mI (264) cpu_start: Max chip rev:     v0.99 [0m
[0;32mI (269) cpu_start: Chip rev:         v0.2[0m
[0;32mI (273) heap_init: Initializing. RAM available for dynamic allocation:[0m
[0;32mI (281) heap_init: At 3FC99098 len 00050678 (321 KiB): RAM[0m
[0;32mI (287) heap_init: At 3FCE9710 len 00005724 (21 KiB): RAM[0m
[0;32mI (293) heap_init: At 3FCF0000 len 00008000 (32 KiB): DRAM[0m
[0;32mI (299) heap_init: At 600FE070 len 00001F78 (7 KiB): RTCRAM[0m
[0;32mI (306) spi_flash: detected chip: gd[0m
[0;32mI (309) spi_flash: flash io: dio[0m
[0;33mW (313) spi_flash: Detected size(8192k) larger than the size in the binary image header(2048k). Using the size in the binary image header.[0m
[0;32mI (327) sleep: Configure to isolate all GPIO pins in sleep state[0m
[0;32mI (333) sleep: Enable automatic switching of GPIO sleep configuration[0m
[0;32mI (341) main_task: Started on CPU0[0m
[0;32mI (351) main_task: Calling app_main()[0m
[0;32mI (351) LORA: Frequency is 868MHz[0m
[0;32mI (351) RA01S: CONFIG_MISO_GPIO=11[0m
[0;32mI (361) RA01S: CONFIG_MOSI_GPIO=10[0m
[0;32mI (361) RA01S: CONFIG_SCLK_GPIO=9[0m
[0;32mI (361) RA01S: CONFIG_NSS_GPIO=8[0m
[0;32mI (371) RA01S: CONFIG_RST_GPIO=12[0m
[0;32mI (371) RA01S: CONFIG_BUSY_GPIO=13[0m
[0;32mI (381) RA01S: CONFIG_TXEN_GPIO=-1[0m
[0;32mI (381) RA01S: CONFIG_RXEN_GPIO=-1[0m
[0;32mI (381) gpio: GPIO[8]| InputEn: 0| OutputEn: 0| OpenDrain: 0| Pullup: 1| Pulldown: 0| Intr:0 [0m
[0;32mI (391) gpio: GPIO[12]| InputEn: 0| OutputEn: 0| OpenDrain: 0| Pullup: 1| Pulldown: 0| Intr:0 [0m
[0;32mI (401) gpio: GPIO[13]| InputEn: 0| OutputEn: 0| OpenDrain: 0| Pullup: 1| Pulldown: 0| Intr:0 [0m
[0;32mI (411) RA01S: spi_bus_initialize=0[0m
[0;32mI (421) RA01S: spi_bus_add_device=0[0m
[0;33mW (421) LORA: Enable TCXO[0m
[0;32mI (461) RA01S: Reset[0m
[0;32mI (461) RA01S: syncWord=0x1424[0m
[0;32mI (461) RA01S: SX126x installed[0m
[0;33mW (461) RA01S: WriteCommand2 status=0a retry=1[0m
[0;32mI (471) RA01S: tcxoVoltage=3.300000[0m
[0;32mI (481) RA01S: useRegulatorLDO=1[0m
[0;32mI (491) RA01S: SetStopRxTimerOnPreambleDetect enable=0[0m
the private key is (in char*) and the lenght is273:
 aaaaaaaaaaaaaaaaaaaaaaaaaaaaaaaaaaaaaa
aaaaaaaaaaaaaaaaaaaaaaaaaaaaaaaaaaaaaa
aaaaaaaaaaaaaaaaaaaaaaaaaaaaaaaaaaaaaa
aaaaaaaaaaaaaaaaaaaaaaaaaaaaaaaaaaaaaa
aaaaaaaaaaaaaaaaaaaaaaaaaaaaaaaaaaaaaa
aaaaaaaaaaaaaaaaaaaaaaaaaaaaaaaaaaaaaa
aaaaaaaaaaaaaaaaaaaaaaaaaaaaaaaaaaaaaa
,
failed
  ! mbedtls_pk_parse_key returned -0x3d00 - PK - Invalid key tag or value

Failed to write public key in PEM format
starting digital signature process
a3996cf32d6e5ed71d028532cd4341fd8751fca9ba1bca523b9589cec63398b9
Failed to write public key in PEM format
Failed to write public key in PEM format
error in signin the hashed message, message code: -16000
[0;32mI (551) LORA: Start[0m
Guru Meditation Error: Core  0 panic'ed (LoadProhibited). Exception was unhandled.

Core  0 register dump:
PC      : 0x42026188  PS      : 0x00060e30  A0      : 0x82025568  A1      : 0x3fc9c8c0  
A2      : 0x3fc9cab4  A3      : 0x3fc9cbe0  A4      : 0x00000000  A5      : 0x00000000  
A6      : 0x3fc9cc60  A7      : 0x00000000  A8      : 0x00000000  A9      : 0x00000000  
A10     : 0x00000000  A11     : 0x00000000  A12     : 0x000000ff  A13     : 0x0000ff00  
A14     : 0x00ff0000  A15     : 0xff000000  SAR     : 0x00000004  EXCCAUSE: 0x0000001c  
EXCVADDR: 0x00000000  LBEG    : 0x400556d5  LEND    : 0x400556e5  LCOUNT  : 0xffffffff  


Backtrace: 0x42026185:0x3fc9c8c0 0x42025565:0x3fc9cbe0 0x420091e4:0x3fc9cca0 0x420090f1:0x3fc9ccc0 0x42035dff:0x3fc9cd00 0x4037cc61:0x3fc9cd30




ELF file SHA256: 25a1bd329

Rebooting...
ESP-ROM:esp32s3-20210327
Build:Mar 27 2021
rst:0xc (RTC_SW_CPU_RST),boot:0x8 (SPI_FAST_FLASH_BOOT)
Saved PC:0x40375b10
SPIWP:0xee
mode:DIO, clock div:1
load:0x3fce3810,len:0x178c
load:0x403c9700,len:0x4
load:0x403c9704,len:0xcbc
load:0x403cc700,len:0x2d9c
entry 0x403c9914
[0;32mI (31) boot: ESP-IDF v5.2.2 2nd stage bootloader[0m
[0;32mI (31) boot: compile time Jun 26 2024 15:39:06[0m
[0;32mI (31) boot: Multicore bootloader[0m
[0;32mI (34) boot: chip revision: v0.2[0m
[0;32mI (38) boot.esp32s3: Boot SPI Speed : 80MHz[0m
[0;32mI (43) boot.esp32s3: SPI Mode       : DIO[0m
[0;32mI (48) boot.esp32s3: SPI Flash Size : 2MB[0m
[0;32mI (52) boot: Enabling RNG early entropy source...[0m
[0;32mI (58) boot: Partition Table:[0m
[0;32mI (61) boot: ## Label            Usage          Type ST Offset   Length[0m
[0;32mI (69) boot:  0 nvs              WiFi data        01 02 00009000 00006000[0m
[0;32mI (76) boot:  1 phy_init         RF data          01 01 0000f000 00001000[0m
[0;32mI (84) boot:  2 factory          factory app      00 00 00010000 00100000[0m
[0;32mI (91) boot: End of partition table[0m
[0;32mI (95) esp_image: segment 0: paddr=00010020 vaddr=3c040020 size=1a318h (107288) map[0m
[0;32mI (123) esp_image: segment 1: paddr=0002a340 vaddr=3fc95a00 size=02b5ch ( 11100) load[0m
[0;32mI (126) esp_image: segment 2: paddr=0002cea4 vaddr=40374000 size=03174h ( 12660) load[0m
[0;32mI (132) esp_image: segment 3: paddr=00030020 vaddr=42000020 size=36ce8h (224488) map[0m
[0;32mI (177) esp_image: segment 4: paddr=00066d10 vaddr=40377174 size=0e86ch ( 59500) load[0m
[0;32mI (191) esp_image: segment 5: paddr=00075584 vaddr=50000000 size=00004h (     4) load[0m
[0;32mI (191) esp_image: segment 6: paddr=00075590 vaddr=600fe000 size=00070h (   112) load[0m
[0;32mI (204) boot: Loaded app from partition at offset 0x10000[0m
[0;32mI (204) boot: Disabling RNG early entropy source...[0m
[0;32mI (219) cpu_start: Multicore app[0m
[0;32mI (229) cpu_start: Pro cpu start user code[0m
[0;32mI (230) cpu_start: cpu freq: 160000000 Hz[0m
[0;32mI (230) cpu_start: Application information:[0m
[0;32mI (233) cpu_start: Project name:     iLot[0m
[0;32mI (237) cpu_start: App version:      8e7953c-dirty[0m
[0;32mI (243) cpu_start: Compile time:     Jun 26 2024 15:38:49[0m
[0;32mI (249) cpu_start: ELF file SHA256:  25a1bd329...[0m
[0;32mI (254) cpu_start: ESP-IDF:          v5.2.2[0m
[0;32mI (259) cpu_start: Min chip rev:     v0.0[0m
[0;32mI (264) cpu_start: Max chip rev:     v0.99 [0m
[0;32mI (269) cpu_start: Chip rev:         v0.2[0m
[0;32mI (273) heap_init: Initializing. RAM available for dynamic allocation:[0m
[0;32mI (281) heap_init: At 3FC99098 len 00050678 (321 KiB): RAM[0m
[0;32mI (287) heap_init: At 3FCE9710 len 00005724 (21 KiB): RAM[0m
[0;32mI (293) heap_init: At 3FCF0000 len 00008000 (32 KiB): DRAM[0m
[0;32mI (299) heap_init: At 600FE070 len 00001F78 (7 KiB): RTCRAM[0m
[0;32mI (306) spi_flash: detected chip: gd[0m
[0;32mI (309) spi_flash: flash io: dio[0m
[0;33mW (313) spi_flash: Detected size(8192k) larger than the size in the binary image header(2048k). Using the size in the binary image header.[0m
[0;32mI (327) sleep: Configure to isolate all GPIO pins in sleep state[0m
[0;32mI (333) sleep: Enable automatic switching of GPIO sleep configuration[0m
[0;32mI (341) main_task: Started on CPU0[0m
[0;32mI (351) main_task: Calling app_main()[0m
[0;32mI (351) LORA: Frequency is 868MHz[0m
[0;32mI (351) RA01S: CONFIG_MISO_GPIO=11[0m
[0;32mI (361) RA01S: CONFIG_MOSI_GPIO=10[0m
[0;32mI (361) RA01S: CONFIG_SCLK_GPIO=9[0m
[0;32mI (361) RA01S: CONFIG_NSS_GPIO=8[0m
[0;32mI (371) RA01S: CONFIG_RST_GPIO=12[0m
[0;32mI (371) RA01S: CONFIG_BUSY_GPIO=13[0m
[0;32mI (381) RA01S: CONFIG_TXEN_GPIO=-1[0m
[0;32mI (381) RA01S: CONFIG_RXEN_GPIO=-1[0m
[0;32mI (381) gpio: GPIO[8]| InputEn: 0| OutputEn: 0| OpenDrain: 0| Pullup: 1| Pulldown: 0| Intr:0 [0m
[0;32mI (391) gpio: GPIO[12]| InputEn: 0| OutputEn: 0| OpenDrain: 0| Pullup: 1| Pulldown: 0| Intr:0 [0m
[0;32mI (401) gpio: GPIO[13]| InputEn: 0| OutputEn: 0| OpenDrain: 0| Pullup: 1| Pulldown: 0| Intr:0 [0m
[0;32mI (411) RA01S: spi_bus_initialize=0[0m
[0;32mI (421) RA01S: spi_bus_add_device=0[0m
[0;33mW (421) LORA: Enable TCXO[0m
[0;32mI (461) RA01S: Reset[0m
[0;32mI (461) RA01S: syncWord=0x1424[0m
[0;32mI (461) RA01S: SX126x installed[0m
[0;33mW (461) RA01S: WriteCommand2 status=0a retry=1[0m
[0;32mI (471) RA01S: tcxoVoltage=3.300000[0m
[0;32mI (481) RA01S: useRegulatorLDO=1[0m
[0;32mI (491) RA01S: SetStopRxTimerOnPreambleDetect enable=0[0m
the private key is (in char*) and the lenght is273:
 aaaaaaaaaaaaaaaaaaaaaaaaaaaaaaaaaaaaaa
aaaaaaaaaaaaaaaaaaaaaaaaaaaaaaaaaaaaaa
aaaaaaaaaaaaaaaaaaaaaaaaaaaaaaaaaaaaaa
aaaaaaaaaaaaaaaaaaaaaaaaaaaaaaaaaaaaaa
aaaaaaaaaaaaaaaaaaaaaaaaaaaaaaaaaaaaaa
aaaaaaaaaaaaaaaaaaaaaaaaaaaaaaaaaaaaaa
aaaaaaaaaaaaaaaaaaaaaaaaaaaaaaaaaaaaaa
,
failed
  ! mbedtls_pk_parse_key returned -0x3d00 - PK - Invalid key tag or value

Failed to write public key in PEM format
starting digital signature process
a3996cf32d6e5ed71d028532cd4341fd8751fca9ba1bca523b9589cec63398b9
Failed to write public key in PEM format
Failed to write public key in PEM format
error in signin the hashed message, message code: -16000
[0;32mI (551) LORA: Start[0m
Guru Meditation Error: Core  0 panic'ed (LoadProhibited). Exception was unhandled.

Core  0 register dump:
PC      : 0x42026188  PS      : 0x00060e30  A0      : 0x82025568  A1      : 0x3fc9c8c0  
A2      : 0x3fc9cab4  A3      : 0x3fc9cbe0  A4      : 0x00000000  A5      : 0x00000000  
A6      : 0x3fc9cc60  A7      : 0x00000000  A8      : 0x00000000  A9      : 0x00000000  
A10     : 0x00000000  A11     : 0x00000000  A12     : 0x000000ff  A13     : 0x0000ff00  
A14     : 0x00ff0000  A15     : 0xff000000  SAR     : 0x00000004  EXCCAUSE: 0x0000001c  
EXCVADDR: 0x00000000  LBEG    : 0x400556d5  LEND    : 0x400556e5  LCOUNT  : 0xffffffff  


Backtrace: 0x42026185:0x3fc9c8c0 0x42025565:0x3fc9cbe0 0x420091e4:0x3fc9cca0 0x420090f1:0x3fc9ccc0 0x42035dff:0x3fc9cd00 0x4037cc61:0x3fc9cd30




ELF file SHA256: 25a1bd329

Rebooting...
ESP-ROM:esp32s3-20210327
Build:Mar 27 2021
rst:0xc (RTC_SW_CPU_RST),boot:0x8 (SPI_FAST_FLASH_BOOT)
Saved PC:0x40375b10
SPIWP:0xee
mode:DIO, clock div:1
load:0x3fce3810,len:0x178c
load:0x403c9700,len:0x4
load:0x403c9704,len:0xcbc
load:0x403cc700,len:0x2d9c
entry 0x403c9914
[0;32mI (31) boot: ESP-IDF v5.2.2 2nd stage bootloader[0m
[0;32mI (31) boot: compile time Jun 26 2024 15:39:06[0m
[0;32mI (31) boot: Multicore bootloader[0m
[0;32mI (34) boot: chip revision: v0.2[0m
[0;32mI (38) boot.esp32s3: Boot SPI Speed : 80MHz[0m
[0;32mI (43) boot.esp32s3: SPI Mode       : DIO[0m
[0;32mI (48) boot.esp32s3: SPI Flash Size : 2MB[0m
[0;32mI (52) boot: Enabling RNG early entropy source...[0m
[0;32mI (58) boot: Partition Table:[0m
[0;32mI (61) boot: ## Label            Usage          Type ST Offset   Length[0m
[0;32mI (69) boot:  0 nvs              WiFi data        01 02 00009000 00006000[0m
[0;32mI (76) boot:  1 phy_init         RF data          01 01 0000f000 00001000[0m
[0;32mI (84) boot:  2 factory          factory app      00 00 00010000 00100000[0m
[0;32mI (91) boot: End of partition table[0m
[0;32mI (95) esp_image: segment 0: paddr=00010020 vaddr=3c040020 size=1a318h (107288) map[0m
[0;32mI (123) esp_image: segment 1: paddr=0002a340 vaddr=3fc95a00 size=02b5ch ( 11100) load[0m
[0;32mI (126) esp_image: segment 2: paddr=0002cea4 vaddr=40374000 size=03174h ( 12660) load[0m
[0;32mI (132) esp_image: segment 3: paddr=00030020 vaddr=42000020 size=36ce8h (224488) map[0m
[0;32mI (177) esp_image: segment 4: paddr=00066d10 vaddr=40377174 size=0e86ch ( 59500) load[0m
[0;32mI (191) esp_image: segment 5: paddr=00075584 vaddr=50000000 size=00004h (     4) load[0m
[0;32mI (191) esp_image: segment 6: paddr=00075590 vaddr=600fe000 size=00070h (   112) load[0m
[0;32mI (204) boot: Loaded app from partition at offset 0x10000[0m
[0;32mI (204) boot: Disabling RNG early entropy source...[0m
[0;32mI (219) cpu_start: Multicore app[0m
[0;32mI (229) cpu_start: Pro cpu start user code[0m
[0;32mI (230) cpu_start: cpu freq: 160000000 Hz[0m
[0;32mI (230) cpu_start: Application information:[0m
[0;32mI (233) cpu_start: Project name:     iLot[0m
[0;32mI (237) cpu_start: App version:      8e7953c-dirty[0m
[0;32mI (243) cpu_start: Compile time:     Jun 26 2024 15:38:49[0m
[0;32mI (249) cpu_start: ELF file SHA256:  25a1bd329...[0m
[0;32mI (254) cpu_start: ESP-IDF:          v5.2.2[0m
[0;32mI (259) cpu_start: Min chip rev:     v0.0[0m
[0;32mI (264) cpu_start: Max chip rev:     v0.99 [0m
[0;32mI (269) cpu_start: Chip rev:         v0.2[0m
[0;32mI (273) heap_init: Initializing. RAM available for dynamic allocation:[0m
[0;32mI (281) heap_init: At 3FC99098 len 00050678 (321 KiB): RAM[0m
[0;32mI (287) heap_init: At 3FCE9710 len 00005724 (21 KiB): RAM[0m
[0;32mI (293) heap_init: At 3FCF0000 len 00008000 (32 KiB): DRAM[0m
[0;32mI (299) heap_init: At 600FE070 len 00001F78 (7 KiB): RTCRAM[0m
[0;32mI (306) spi_flash: detected chip: gd[0m
[0;32mI (309) spi_flash: flash io: dio[0m
[0;33mW (313) spi_flash: Detected size(8192k) larger than the size in the binary image header(2048k). Using the size in the binary image header.[0m
[0;32mI (327) sleep: Configure to isolate all GPIO pins in sleep state[0m
[0;32mI (333) sleep: Enable automatic switching of GPIO sleep configuration[0m
[0;32mI (341) main_task: Started on CPU0[0m
[0;32mI (351) main_task: Calling app_main()[0m
[0;32mI (351) LORA: Frequency is 868MHz[0m
[0;32mI (351) RA01S: CONFIG_MISO_GPIO=11[0m
[0;32mI (361) RA01S: CONFIG_MOSI_GPIO=10[0m
[0;32mI (361) RA01S: CONFIG_SCLK_GPIO=9[0m
[0;32mI (361) RA01S: CONFIG_NSS_GPIO=8[0m
[0;32mI (371) RA01S: CONFIG_RST_GPIO=12[0m
[0;32mI (371) RA01S: CONFIG_BUSY_GPIO=13[0m
[0;32mI (381) RA01S: CONFIG_TXEN_GPIO=-1[0m
[0;32mI (381) RA01S: CONFIG_RXEN_GPIO=-1[0m
[0;32mI (381) gpio: GPIO[8]| InputEn: 0| OutputEn: 0| OpenDrain: 0| Pullup: 1| Pulldown: 0| Intr:0 [0m
[0;32mI (391) gpio: GPIO[12]| InputEn: 0| OutputEn: 0| OpenDrain: 0| Pullup: 1| Pulldown: 0| Intr:0 [0m
[0;32mI (401) gpio: GPIO[13]| InputEn: 0| OutputEn: 0| OpenDrain: 0| Pullup: 1| Pulldown: 0| Intr:0 [0m
[0;32mI (411) RA01S: spi_bus_initialize=0[0m
[0;32mI (421) RA01S: spi_bus_add_device=0[0m
[0;33mW (421) LORA: Enable TCXO[0m
[0;32mI (461) RA01S: Reset[0m
[0;32mI (461) RA01S: syncWord=0x1424[0m
[0;32mI (461) RA01S: SX126x installed[0m
[0;33mW (461) RA01S: WriteCommand2 status=0a retry=1[0m
[0;32mI (471) RA01S: tcxoVoltage=3.300000[0m
[0;32mI (481) RA01S: useRegulatorLDO=1[0m
[0;32mI (491) RA01S: SetStopRxTimerOnPreambleDetect enable=0[0m
the private key is (in char*) and the lenght is273:
 aaaaaaaaaaaaaaaaaaaaaaaaaaaaaaaaaaaaaa
aaaaaaaaaaaaaaaaaaaaaaaaaaaaaaaaaaaaaa
aaaaaaaaaaaaaaaaaaaaaaaaaaaaaaaaaaaaaa
aaaaaaaaaaaaaaaaaaaaaaaaaaaaaaaaaaaaaa
aaaaaaaaaaaaaaaaaaaaaaaaaaaaaaaaaaaaaa
aaaaaaaaaaaaaaaaaaaaaaaaaaaaaaaaaaaaaa
aaaaaaaaaaaaaaaaaaaaaaaaaaaaaaaaaaaaaa
,
failed
  ! mbedtls_pk_parse_key returned -0x3d00 - PK - Invalid key tag or value

Failed to write public key in PEM format
starting digital signature process
a3996cf32d6e5ed71d028532cd4341fd8751fca9ba1bca523b9589cec63398b9
Failed to write public key in PEM format
Failed to write public key in PEM format
error in signin the hashed message, message code: -16000
[0;32mI (551) LORA: Start[0m
Guru Meditation Error: Core  0 panic'ed (LoadProhibited). Exception was unhandled.

Core  0 register dump:
PC      : 0x42026188  PS      : 0x00060e30  A0      : 0x82025568  A1      : 0x3fc9c8c0  
A2      : 0x3fc9cab4  A3      : 0x3fc9cbe0  A4      : 0x00000000  A5      : 0x00000000  
A6      : 0x3fc9cc60  A7      : 0x00000000  A8      : 0x00000000  A9      : 0x00000000  
A10     : 0x00000000  A11     : 0x00000000  A12     : 0x000000ff  A13     : 0x0000ff00  
A14     : 0x00ff0000  A15     : 0xff000000  SAR     : 0x00000004  EXCCAUSE: 0x0000001c  
EXCVADDR: 0x00000000  LBEG    : 0x400556d5  LEND    : 0x400556e5  LCOUNT  : 0xffffffff  


Backtrace: 0x42026185:0x3fc9c8c0 0x42025565:0x3fc9cbe0 0x420091e4:0x3fc9cca0 0x420090f1:0x3fc9ccc0 0x42035dff:0x3fc9cd00 0x4037cc61:0x3fc9cd30




ELF file SHA256: 25a1bd329

Rebooting...
ESP-ROM:esp32s3-20210327
Build:Mar 27 2021
rst:0xc (RTC_SW_CPU_RST),boot:0x8 (SPI_FAST_FLASH_BOOT)
Saved PC:0x40375b10
SPIWP:0xee
mode:DIO, clock div:1
load:0x3fce3810,len:0x178c
load:0x403c9700,len:0x4
load:0x403c9704,len:0xcbc
load:0x403cc700,len:0x2d9c
entry 0x403c9914
[0;32mI (31) boot: ESP-IDF v5.2.2 2nd stage bootloader[0m
[0;32mI (31) boot: compile time Jun 26 2024 15:39:06[0m
[0;32mI (31) boot: Multicore bootloader[0m
[0;32mI (34) boot: chip revision: v0.2[0m
[0;32mI (38) boot.esp32s3: Boot SPI Speed : 80MHz[0m
[0;32mI (43) boot.esp32s3: SPI Mode       : DIO[0m
[0;32mI (48) boot.esp32s3: SPI Flash Size : 2MB[0m
[0;32mI (52) boot: Enabling RNG early entropy source...[0m
[0;32mI (58) boot: Partition Table:[0m
[0;32mI (61) boot: ## Label            Usage          Type ST Offset   Length[0m
[0;32mI (69) boot:  0 nvs              WiFi data        01 02 00009000 00006000[0m
[0;32mI (76) boot:  1 phy_init         RF data          01 01 0000f000 00001000[0m
[0;32mI (84) boot:  2 factory          factory app      00 00 00010000 00100000[0m
[0;32mI (91) boot: End of partition table[0m
[0;32mI (95) esp_image: segment 0: paddr=00010020 vaddr=3c040020 size=1a318h (107288) map[0m
[0;32mI (123) esp_image: segment 1: paddr=0002a340 vaddr=3fc95a00 size=02b5ch ( 11100) load[0m
[0;32mI (126) esp_image: segment 2: paddr=0002cea4 vaddr=40374000 size=03174h ( 12660) load[0m
[0;32mI (132) esp_image: segment 3: paddr=00030020 vaddr=42000020 size=36ce8h (224488) map[0m
[0;32mI (177) esp_image: segment 4: paddr=00066d10 vaddr=40377174 size=0e86ch ( 59500) load[0m
[0;32mI (191) esp_image: segment 5: paddr=00075584 vaddr=50000000 size=00004h (     4) load[0m
