ESP-ROM:esp32s3-20210327
Build:Mar 27 2021
rst:0x1 (POWERON),boot:0x8 (SPI_FAST_FLASH_BOOT)
SPIWP:0xee
mode:DIO, clock div:1
load:0x3fce3810,len:0x178c
load:0x403c9700,len:0x4
load:0x403c9704,len:0xcbc
load:0x403cc700,len:0x2d9c
entry 0x403c9914
[0;32mI (27) boot: ESP-IDF v5.2.2 2nd stage bootloader[0m
[0;32mI (27) boot: compile time Jun 26 2024 15:39:06[0m
[0;32mI (27) boot: Multicore bootloader[0m
[0;32mI (30) boot: chip revision: v0.2[0m
[0;32mI (34) boot.esp32s3: Boot SPI Speed : 80MHz[0m
[0;32mI (38) boot.esp32s3: SPI Mode       : DIO[0m
[0;32mI (43) boot.esp32s3: SPI Flash Size : 2MB[0m
[0;32mI (48) boot: Enabling RNG early entropy source...[0m
[0;32mI (53) boot: Partition Table:[0m
[0;32mI (57) boot: ## Label            Usage          Type ST Offset   Length[0m
[0;32mI (64) boot:  0 nvs              WiFi data        01 02 00009000 00006000[0m
[0;32mI (72) boot:  1 phy_init         RF data          01 01 0000f000 00001000[0m
[0;32mI (79) boot:  2 factory          factory app      00 00 00010000 00100000[0m
[0;32mI (87) boot: End of partition table[0m
[0;32mI (91) esp_image: segment 0: paddr=00010020 vaddr=3c040020 size=17a18h ( 96792) map[0m
[0;32mI (117) esp_image: segment 1: paddr=00027a40 vaddr=3fc95a00 size=02b5ch ( 11100) load[0m
[0;32mI (119) esp_image: segment 2: paddr=0002a5a4 vaddr=40374000 size=05a74h ( 23156) load[0m
[0;32mI (127) esp_image: segment 3: paddr=00030020 vaddr=42000020 size=34ad0h (215760) map[0m
[0;32mI (170) esp_image: segment 4: paddr=00064af8 vaddr=40379a74 size=0bf6ch ( 49004) load[0m
[0;32mI (181) esp_image: segment 5: paddr=00070a6c vaddr=50000000 size=00004h (     4) load[0m
[0;32mI (181) esp_image: segment 6: paddr=00070a78 vaddr=600fe000 size=00070h (   112) load[0m
[0;32mI (194) boot: Loaded app from partition at offset 0x10000[0m
[0;32mI (194) boot: Disabling RNG early entropy source...[0m
[0;32mI (209) cpu_start: Multicore app[0m
[0;32mI (219) cpu_start: Pro cpu start user code[0m
[0;32mI (219) cpu_start: cpu freq: 160000000 Hz[0m
[0;32mI (219) cpu_start: Application information:[0m
[0;32mI (222) cpu_start: Project name:     iLot[0m
[0;32mI (227) cpu_start: App version:      713f792-dirty[0m
[0;32mI (233) cpu_start: Compile time:     Jun 27 2024 03:21:23[0m
[0;32mI (239) cpu_start: ELF file SHA256:  873387b27...[0m
[0;32mI (244) cpu_start: ESP-IDF:          v5.2.2[0m
[0;32mI (249) cpu_start: Min chip rev:     v0.0[0m
[0;32mI (254) cpu_start: Max chip rev:     v0.99 [0m
[0;32mI (258) cpu_start: Chip rev:         v0.2[0m
[0;32mI (263) heap_init: Initializing. RAM available for dynamic allocation:[0m
[0;32mI (270) heap_init: At 3FC99098 len 00050678 (321 KiB): RAM[0m
[0;32mI (276) heap_init: At 3FCE9710 len 00005724 (21 KiB): RAM[0m
[0;32mI (283) heap_init: At 3FCF0000 len 00008000 (32 KiB): DRAM[0m
[0;32mI (289) heap_init: At 600FE070 len 00001F78 (7 KiB): RTCRAM[0m
[0;32mI (296) spi_flash: detected chip: gd[0m
[0;32mI (299) spi_flash: flash io: dio[0m
[0;33mW (303) spi_flash: Detected size(8192k) larger than the size in the binary image header(2048k). Using the size in the binary image header.[0m
[0;32mI (316) sleep: Configure to isolate all GPIO pins in sleep state[0m
[0;32mI (323) sleep: Enable automatic switching of GPIO sleep configuration[0m
[0;32mI (331) main_task: Started on CPU0[0m
[0;32mI (341) main_task: Calling app_main()[0m
[0;32mI (341) LORA: Frequency is 868MHz[0m
[0;32mI (341) RA01S: CONFIG_MISO_GPIO=11[0m
[0;32mI (351) RA01S: CONFIG_MOSI_GPIO=10[0m
[0;32mI (351) RA01S: CONFIG_SCLK_GPIO=9[0m
[0;32mI (351) RA01S: CONFIG_NSS_GPIO=8[0m
[0;32mI (361) RA01S: CONFIG_RST_GPIO=12[0m
[0;32mI (361) RA01S: CONFIG_BUSY_GPIO=13[0m
[0;32mI (371) RA01S: CONFIG_TXEN_GPIO=-1[0m
[0;32mI (371) RA01S: CONFIG_RXEN_GPIO=-1[0m
[0;32mI (371) gpio: GPIO[8]| InputEn: 0| OutputEn: 0| OpenDrain: 0| Pullup: 1| Pulldown: 0| Intr:0 [0m
[0;32mI (381) gpio: GPIO[12]| InputEn: 0| OutputEn: 0| OpenDrain: 0| Pullup: 1| Pulldown: 0| Intr:0 [0m
[0;32mI (391) gpio: GPIO[13]| InputEn: 0| OutputEn: 0| OpenDrain: 0| Pullup: 1| Pulldown: 0| Intr:0 [0m
[0;32mI (401) RA01S: spi_bus_initialize=0[0m
[0;32mI (411) RA01S: spi_bus_add_device=0[0m
[0;33mW (411) LORA: Enable TCXO[0m
[0;32mI (451) RA01S: Reset[0m
[0;32mI (451) RA01S: syncWord=0x1424[0m
[0;32mI (451) RA01S: SX126x installed[0m
[0;33mW (451) RA01S: WriteCommand2 status=0a retry=1[0m
[0;32mI (461) RA01S: tcxoVoltage=3.300000[0m
[0;32mI (471) RA01S: useRegulatorLDO=1[0m
[0;32mI (481) RA01S: SetStopRxTimerOnPreambleDetect enable=0[0m
  . Computing message hash... ok
51391bf0ab33e8272bcfca0d61b5ab242391822f331fe51ac5930b58da8e5b25
  . Signing message hash... ok (signature length = 72)
  . Preparing verification context... ok
  . Verifying signature... failed
  ! mbedtls_ecdsa_read_signature returned -20448
30460221008e6b87dbd143e5053fbdd7c95fc6a5f8e6df68f63e8077a37d07d6416b268c66022100f05532fa20baa0edaaa92562f4d2f2692cf17a9132cd4c0302d39fd2ea49527d00000000000000000000000000000000000000000000000000000000000000000000000000000000000000000000000000000000000000000000000000000000000000
the result of the signature verification is -1
I am sending this message: ciao
 of size 4[0;32mI (591) LORA: Start[0m
I am sending in lora this: ciao
[0;32mI (641) LORA: Send success[0m
wake up number 0
Entering deep sleep...
