[0;32mI (575) LORA: Send success[0m

assert failed: heap_caps_free heap_caps.c:392 (heap != NULL && "free() target pointer is outside heap areas")


Backtrace: 0x40375b9a:0x3fc9cb20 0x4037c1f9:0x3fc9cb40 0x4038399d:0x3fc9cb60 0x403764bf:0x3fc9cc80 0x403839b9:0x3fc9cca0 0x42008c82:0x3fc9ccc0 0x42033b47:0x3fc9cd00 0x4037cc61:0x3fc9cd30




ELF file SHA256: 4bcd79bb5

Rebooting...
ï¿½ï¿½ï¿½ESP-ROM:esp32s3-20210327
Build:Mar 27 2021
rst:0xc (RTC_SW_CPU_RST),boot:0x9 (SPI_FAST_FLASH_BOOT)
Saved PC:0x40375b10
SPIWP:0xee
mode:DIO, clock div:1
load:0x3fce3810,len:0x178c
load:0x403c9700,len:0x4
load:0x403c9704,len:0xcbc
load:0x403cc700,len:0x2d9c
entry 0x403c9914
[0;32mI (31) boot: ESP-IDF v5.2.2 2nd stage bootloader[0m
[0;32mI (31) boot: compile time Jun 26 2024 15:39:06[0m
[0;32mI (31) boot: Multicore bootloader[0m
[0;32mI (34) boot: chip revision: v0.2[0m
[0;32mI (38) boot.esp32s3: Boot SPI Speed : 80MHz[0m
[0;32mI (43) boot.esp32s3: SPI Mode       : DIO[0m
[0;32mI (48) boot.esp32s3: SPI Flash Size : 2MB[0m
[0;32mI (52) boot: Enabling RNG early entropy source...[0m
[0;32mI (58) boot: Partition Table:[0m
[0;32mI (61) boot: ## Label            Usage          Type ST Offset   Length[0m
[0;32mI (69) boot:  0 nvs              WiFi data        01 02 00009000 00006000[0m
[0;32mI (7 )       01 01 0000f000 00001000[0m
[0;32mI (84) boot:  2 factory          factory app      00 00 00010000 00100000[0m
[0;32mI (91) boot: End of partition table[0m
[0;32mI (95) esp_image: segment 0: paddr=00010020 vaddr=3c040020 size=17ae8h ( 97000) map[0m
[0;32mI (121) esp_image: segment 1: paddr=00027b10 vaddr=3fc95a00 size=02b5ch ( 11100) load[0m
[0;32mI (124) esp_image: segment 2: paddr=0002a674 vaddr=40374000 size=059a4h ( 22948) load[0m
[0;32mI (132) esp_image: segment 3: paddr=00030020 vaddr=42000020 size=34a30h (215600) map[0m
ESP-ROM:esp32s3-20210327
Build:Mar 27 2021
rst:0x1 (POWERON),boot:0x9 (SPI_FAST_FLASH_BOOT)
SPIWP:0xee
mode:DIO, clock div:1
load:0x3fce3810,len:0x178c
load:0x403c9700,len:0x4
load:0x403c9704,len:0xcbc
load:0x403cc700,len:0x2d9c
entry 0x403c9914
[0;32mI (27) boot: ESP-IDF v5.2.2 2nd stage bootloader[0m
[0;32mI (27) boot: compile time Jun 26 2024 15:39:06[0m
[0;32mI (27) boot: Multicore bootloader[0m
[0;32mI (30) boot: chip revision: v0.2[0m
[0;32mI (34) boot.esp32s3: Boot SPI Speed : 80MHz[0m
[0;32mI (38) boot.esp32s3: SPI Mode       : DIO[0m
[0;32mI (43) boot.esp32s3: SPI Flash Size : 2MB[0m
[0;32mI (48) boot: Enabling RNG early entropy source...[0m
[0;32mI (53) boot: Partition Table:[0m
[0;32mI (57) boot: ## Label            Usage          Type ST Offset   Length[0m
[0;32mI (64) boot:  0 nvs              WiFi data        01 02 00009000 00006000[0m
[0;32mI (72) boot:  1 phy_init         RF data          01 01 0000f000 00001000[0m
[0;32mI (79) boot:  2 factory          factory app      00 00 00010000 00100000[0m
[0;32mI (87) boot: End of partition table[0m
[0;32mI (91) esp_image: segment 0: paddr=00010020 vaddr=3c040020 size=17ae8h ( 97000) map[0m
[0;32mI (117) esp_image: segment 1: paddr=00027b10 vaddr=3fc95a00 size=02b5ch ( 11100) load[0m
[0;32mI (119) esp_image: segment 2: paddr=0002a674 vaddr=40374000 size=059a4h ( 22948) load[0m
[0;32mI (127) esp_image: segment 3: paddr=00030020 vaddr=42000020 size=34a30h (215600) map[0m
[0;32mI (170) esp_image: segment 4: paddr=00064a58 vaddr=403799a4 size=0c03ch ( 49212) load[0m
[0;32mI (181) esp_image: segment 5: paddr=00070a9c vaddr=50000000 size=00004h (     4) load[0m
[0;32mI (181) esp_image: segment 6: paddr=00070aa8 vaddr=600fe000 size=00070h (   112) load[0m
[0;32mI (194) boot: Loaded app from partition at offset 0x10000[0m
[0;32mI (194) boot: Disabling RNG early entropy source...[0m
[0;32mI (209) cpu_start: Multicore app[0m
[0;32mI (219) cpu_start: Pro cpu start user code[0m
[0;32mI (219) cpu_start: cpu freq: 160000000 Hz[0m
[0;32mI (220) cpu_start: Application information:[0m
[0;32mI (222) cpu_start: Project name:     iLot[0m
[0;32mI (227) cpu_start: App version:      713f792-dirty[0m
[0;32mI (233) cpu_start: Compile time:     Jun 27 2024 03:21:23[0m
[0;32mI (239) cpu_start: ELF file SHA256:  4bcd79bb5...[0m
[0;32mI (244) cpu_start: ESP-IDF:          v5.2.2[0m
[0;32mI (249) cpu_start: Min chip rev:     v0.0[0m
[0;32mI (254) cpu_start: Max chip rev:     v0.99 [0m
[0;32mI (258) cpu_start: Chip rev:         v0.2[0m
[0;32mI (263) heap_init: Initializing. RAM available for dynamic allocation:[0m
[0;32mI (271) heap_init: At 3FC99098 len 00050678 (321 KiB): RAM[0m
[0;32mI (277) heap_init: At 3FCE9710 len 00005724 (21 KiB): RAM[0m
[0;32mI (283) heap_init: At 3FCF0000 len 00008000 (32 KiB): DRAM[0m
[0;32mI (289) heap_init: At 600FE070 len 00001F78 (7 KiB): RTCRAM[0m
[0;32mI (296) spi_flash: detected chip: gd[0m
[0;32mI (299) spi_flash: flash io: dio[0m
[0;33mW (303) spi_flash: Detected size(8192k) larger than the size in the binary image header(2048k). Using the size in the binary image header.[0m
[0;32mI (317) sleep: Configure to isolate all GPIO pins in sleep state[0m
[0;32mI (323) sleep: Enable automatic switching of GPIO sleep configuration[0m
[0;32mI (331) main_task: Started on CPU0[0m
[0;32mI (341) main_task: Calling app_main()[0m
[0;32mI (341) LORA: Frequency is 868MHz[0m
[0;32mI (341) RA01S: CONFIG_MISO_GPIO=11[0m
[0;32mI (351) RA01S: CONFIG_MOSI_GPIO=10[0m
[0;32mI (351) RA01S: CONFIG_SCLK_GPIO=9[0m
[0;32mI (351) RA01S: CONFIG_NSS_GPIO=8[0m
[0;32mI (361) RA01S: CONFIG_RST_GPIO=12[0m
[0;32mI (361) RA01S: CONFIG_BUSY_GPIO=13[0m
[0;32mI (371) RA01S: CONFIG_TXEN_GPIO=-1[0m
[0;32mI (371) RA01S: CONFIG_RXEN_GPIO=-1[0m
[0;32mI (371) gpio: GPIO[8]| InputEn: 0| OutputEn: 0| OpenDrain: 0| Pullup: 1| Pulldown: 0| Intr:0 [0m
[0;32mI (381) gpio: GPIO[12]| InputEn: 0| OutputEn: 0| OpenDrain: 0| Pullup: 1| Pulldown: 0| Intr:0 [0m
[0;32mI (391) gpio: GPIO[13]| InputEn: 0| OutputEn: 0| OpenDrain: 0| Pullup: 1| Pulldown: 0| Intr:0 [0m
[0;32mI (401) RA01S: spi_bus_initialize=0[0m
[0;32mI (411) RA01S: spi_bus_add_device=0[0m
[0;33mW (411) LORA: Enable TCXO[0m
[0;32mI (451) RA01S: Reset[0m
[0;32mI (451) RA01S: syncWord=0x1424[0m
[0;32mI (451) RA01S: SX126x installed[0m
[0;33mW (451) RA01S: WriteCommand2 status=0a retry=1[0m
[0;32mI (461) RA01S: tcxoVoltage=3.300000[0m
[0;32mI (471) RA01S: useRegulatorLDO=1[0m
[0;32mI (481) RA01S: SetStopRxTimerOnPreambleDetect enable=0[0m
Key parsed successfully.
failed to parse the key
00000000000000000000000000000000000000000000000000000000000000000000000000000000000000000000000000000000000000000000000000000000000000000000000000000000000000000000000000000000000000000000000000000000000000000000000000000000000000000000000000000000000000000000000000000000000000
the result of the signature verification is -1
I am sending this message: ciao
 of size 4[0;32mI (521) LORA: Start[0m
I am sending in lora this: ciao
[0;32mI (571) LORA: Send success[0m

assert failed: heap_caps_free heap_caps.c:392 (heap != NULL && "free() target pointer is outside heap areas")


Backtrace: 0x40375b9a:0x3fc9cb20 0x4037c1f9:0x3fc9cb40 0x4038399d:0x3fc9cb60 0x403764bf:0x3fc9cc80 0x403839b9:0x3fc9cca0 0x42008c82:0x3fc9ccc0 0x42033b47:0x3fc9cd00 0x4037cc61:0x3fc9cd30




ELF file SHA256: 4bcd79bb5

Rebooting...
ï¿½ï¿½ï¿½ESP-ROM:esp32s3-20210327
Build:Mar 27 2021
rst:0xc (RTC_SW_CPU_RST),boot:0x9 (SPI_FAST_FLASH_BOOT)
Saved PC:0x40375b10
SPIWP:0xee
mode:DIO, clock div:1
load:0x3fce3810,len:0x178c
load:0x403c9700,len:0x4
load:0x403c9704,len:0xcbc
load:0x403cc700,len:0x2d9c
entry 0x403c9914
[0;32mI (31) boot: ESP-IDF v5.2.2 2nd stage bootloader[0m
[0;32mI (31) boot: compile time Jun 26 2024 15:39:06[0m
[0;32mI (31) boot: Multicore bootloader[0m
[0;32mI (34) boot: chip revision: v0.2[0m
[0;32mI (38) boot.esp32s3: Boot SPI Speed : 80MHz[0m
[0;32mI (43) boot.esp32s3: SPI Mode       : DIO[0m
[0;32mI (48) boot.esp32s3: SPI Flash Size : 2MB[0m
[0;32mI (52) boot: Enabling RNG early entropy source...[0m
[0;32mI (58) boot: Partition Table:[0m
[0;32mI (61) boot: ## Label            Usage          Type ST Offset   Length[0m
[0;32mI (69) boot:  0 nvs              WiFi data        01 02 00009000 00006000[0m
[0;32mI (76) boot:  1 phy_init         RF data          01 01 0000f000 00001000[0m
[0;32mI (84) boot:  2 factory          factory app      00 00 00010000 00100000[0m
[0;32mI (91) boot: End of partition table[0m
[0;32mI (95) esp_image: segment 0: paddr=00010020 vaddr=3c040020 size=17ae8h ( 97000) map[0m
[0;32mI (121) esp_image: segment 1: paddr=00027b10 vaddr=3fc95a00 size=02b5ch ( 11100) load[0m
[0;32mI (124) esp_image: segment 2: paddr=0002a674 vaddr=40374000 size=059a4h ( 22948) load[0m
[0;32mI (132) esp_image: segment 3: paddr=00030020 vaddr=42000020 size=34a30h (215600) map[0m
[0;32mI (174) esp_image: segment 4: paddr=00064a58 vaddr=403799a4 size=0c03ch ( 49212) load[0m
[0;32mI (185) esp_image: segment 5: paddr=00070a9c vaddr=50000000 size=00004h (     4) load[0m
[0;32mI (185) esp_image: segment 6: paddr=00070aa8 vaddr=600fe000 size=00070h (   112) load[0m
[0;32mI (198) boot: Loaded app from partition at offset 0x10000[0m
[0;32mI (198) boot: Disabling RNG early entropy source...[0m
[0;32mI (214) cpu_start: Multicore app[0m
[0;32mI (224) cpu_start: Pro cpu start user code[0m
[0;32mI (224) cpu_start: cpu freq: 160000000 Hz[0m
[0;32mI (224) cpu_start: Application information:[0m
[0;32mI (227) cpu_start: Project name:     iLot[0m
[0;32mI (232) cpu_start: App version:      713f792-dirty[0m
[0;32mI (237) cpu_start: Compile time:     Jun 27 2024 03:21:23[0m
[0;32mI (243) cpu_start: ELF file SHA256:  4bcd79bb5...[0m
[0;32mI (248) cpu_start: ESP-IDF:          v5.2.2[0m
[0;32mI (253) cpu_start: Min chip rev:     v0.0[0m
[0;32mI (258) cpu_start: Max chip rev:     v0.99 [0m
[0;32mI (263) cpu_start: Chip rev:         v0.2[0m
[0;32mI (268) heap_init: Initializing. RAM available for dynamic allocation:[0m
[0;32mI (275) heap_init: At 3FC99098 len 00050678 (321 KiB): RAM[0m
[0;32mI (281) heap_init: At 3FCE9710 len 00005724 (21 KiB): RAM[0m
[0;32mI (287) heap_init: At 3FCF0000 len 00008000 (32 KiB): DRAM[0m
[0;32mI (293) heap_init: At 600FE070 len 00001F78 (7 KiB): RTCRAM[0m
[0;32mI (300) spi_flash: detected chip: gd[0m
[0;32mI (304) spi_flash: flash io: dio[0m
[0;33mW (308) spi_flash: Detected size(8192k) larger than the size in the binary image header(2048k). Using the size in the binary image header.[0m
[0;32mI (321) sleep: Configure to isolate all GPIO pins in sleep state[0m
[0;32mI (328) sleep: Enable automatic switching of GPIO sleep configuration[0m
[0;32mI (335) main_task: Started on CPU0[0m
[0;32mI (345) main_task: Calling app_main()[0m
[0;32mI (345) LORA: Frequency is 868MHz[0m
[0;32mI (345) RA01S: CONFIG_MISO_GPIO=11[0m
[0;32mI (355) RA01S: CONFIG_MOSI_GPIO=10[0m
[0;32mI (355) RA01S: CONFIG_SCLK_GPIO=9[0m
[0;32mI (355) RA01S: CONFIG_NSS_GPIO=8[0m
[0;32mI (365) RA01S: CONFIG_RST_GPIO=12[0m
[0;32mI (365) RA01S: CONFIG_BUSY_GPIO=13[0m
[0;32mI (375) RA01S: CONFIG_TXEN_GPIO=-1[0m
[0;32mI (375) RA01S: CONFIG_RXEN_GPIO=-1[0m
[0;32mI (375) gpio: GPIO[8]| InputEn: 0| OutputEn: 0| OpenDrain: 0| Pullup: 1| Pulldown: 0| Intr:0 [0m
[0;32mI (385) gpio: GPIO[12]| InputEn: 0| OutputEn: 0| OpenDrain: 0| Pullup: 1| Pulldown: 0| Intr:0 [0m
[0;32mI (395) gpio: GPIO[13]| InputEn: 0| OutputEn: 0| OpenDrain: 0| Pullup: 1| Pulldown: 0| Intr:0 [0m
[0;32mI (405) RA01S: spi_bus_initialize=0[0m
[0;32mI (415) RA01S: spi_bus_add_device=0[0m
[0;33mW (415) LORA: Enable TCXO[0m
[0;32mI (455) RA01S: Reset[0m
[0;32mI (455) RA01S: syncWord=0x1424[0m
[0;32mI (455) RA01S: SX126x installed[0m
[0;33mW (455) RA01S: WriteCommand2 status=0a retry=1[0m
[0;32mI (465) RA01S: tcxoVoltage=3.300000[0m
[0;32mI (475) RA01S: useRegulatorLDO=1[0m
[0;32mI (485) RA01S: SetStopRxTimerOnPreambleDetect enable=0[0m
Key parsed successfully.
failed to parse the key
00000000000000000000000000000000000000000000000000000000000000000000000000000000000000000000000000000000000000000000000000000000000000000000000000000000000000000000000000000000000000000000000000000000000000000000000000000000000000000000000000000000000000000000000000000000000000
the result of the signature verification is -1
I am sending this message: ciao
 of size 4[0;32mI (525) LORA: Start[0m
I am sending in lora this: ciao
[0;32mI (575) LORA: Send success[0m

assert failed: heap_caps_free heap_caps.c:392 (heap != NULL && "free() target pointer is outside heap areas")


Backtrace: 0x40375b9a:0x3fc9cb20 0x4037c1f9:0x3fc9cb40 0x4038399d:0x3fc9cb60 0x403764bf:0x3fc9cc80 0x403839b9:0x3fc9cca0 0x42008c82:0x3fc9ccc0 0x42033b47:0x3fc9cd00 0x4037cc61:0x3fc9cd30




ELF file SHA256: 4bcd79bb5

Rebooting...
ï¿½ï¿½ï¿½ESP-ROM:esp32s3-20210327
Build:Mar 27 2021
rst:0xc (RTC_SW_CPU_RST),boot:0x9 (SPI_FAST_FLASH_BOOT)
Saved PC:0x40375b10
SPIWP:0xee
mode:DIO, clock div:1
load:0x3fce3810,len:0x178c
load:0x403c9700,len:0x4
load:0x403c9704,len:0xcbc
load:0x403cc700,len:0x2d9c
entry 0x403c9914
[0;32mI (31) boot: ESP-IDF v5.2.2 2nd stage bootloader[0m
[0;32mI (31) boot: compile time Jun 26 2024 15:39:06[0m
[0;32mI (31) boot: Multicore bootloader[0m
[0;32mI (34) boot: chip revision: v0.2[0m
[0;32mI (38) boot.esp32s3: Boot SPI Speed : 80MHz[0m
[0;32mI (43) boot.esp32s3: SPI Mode       : DIO[0m
[0;32mI (48) boot.esp32s3: SPI Flash Size : 2MB[0m
[0;32mI (52) boot: Enabling RNG early entropy source...[0m
[0;32mI (58) boot: Partition Table:[0m
[0;32mI (61) boot: ## Label            Usage          Type ST Offset   Length[0m
[0;32mI (69) boot:  0 nvs              WiFi data        01 02 00009000 00006000[0m
[0;32mI (76) boot:  1 phy_init         RF data          01 01 0000f000 00001000[0m
[0;32mI (84) boot:  2 factory          factory app      00 00 00010000 00100000[0m
[0;32mI (91) boot: End of partition table[0m
[0;32mI (95) esp_image: segment 0: paddr=00010020 vaddr=3c040020 size=17ae8h ( 97000) map[0m
[0;32mI (121) esp_image: segment 1: paddr=00027b10 vaddr=3fc95a00 size=02b5ch ( 11100) load[0m
[0;32mI (124) esp_image: segment 2: paddr=0002a674 vaddr=40374000 size=059a4h ( 22948) load[0m
[0;32mI (132) esp_image: segment 3: paddr=00030020 vaddr=42000020 size=34a30h (215600) map[0m
[0;32mI (174) esp_image: segment 4: paddr=00064a58 vaddr=403799a4 size=0c03ch ( 49212) load[0m
[0;32mI (185) esp_image: segment 5: paddr=00070a9c vaddr=50000000 size=00004h (     4) load[0m
[0;32mI (185) esp_image: segment 6: paddr=00070aa8 vaddr=600fe000 size=00070h (   112) load[0m
[0;32mI (198) boot: Loaded app from partition at offset 0x10000[0m
[0;32mI (198) boot: Disabling RNG early entropy source...[0m
[0;32mI (214) cpu_start: Multicore app[0m
[0;32mI (224) cpu_start: Pro cpu start user code[0m
[0;32mI (224) cpu_start: cpu freq: 160000000 Hz[0m
[0;32mI (224) cpu_start: Application information:[0m
[0;32mI (227) cpu_start: Project name:     iLot[0m
[0;32mI (232) cpu_start: App version:      713f792-dirty[0m
[0;32mI (237) cpu_start: Compile time:     Jun 27 2024 03:21:23[0m
[0;32mI (243) cpu_start: ELF file SHA256:  4bcd79bb5...[0m
[0;32mI (248) cpu_start: ESP-IDF:          v5.2.2[0m
[0;32mI (253) cpu_start: Min chip rev:     v0.0[0m
[0;32mI (258) cpu_start: Max chip rev:     v0.99 [0m
[0;32mI (263) cpu_start: Chip rev:         v0.2[0m
[0;32mI (268) heap_init: Initializing. RAM available for dynamic allocation:[0m
[0;32mI (275) heap_init: At 3FC99098 len 00050678 (321 KiB): RAM[0m
[0;32mI (281) heap_init: At 3FCE9710 len 00005724 (21 KiB): RAM[0m
[0;32mI (287) heap_init: At 3FCF0000 len 00008000 (32 KiB): DRAM[0m
[0;32mI (293) heap_init: At 600FE070 len 00001F78 (7 KiB): RTCRAM[0m
[0;32mI (300) spi_flash: detected chip: gd[0m
[0;32mI (304) spi_flash: flash io: dio[0m
[0;33mW (308) spi_flash: Detected size(8192k) larger than the size in the binary image header(2048k). Using the size in the binary image header.[0m
[0;32mI (321) sleep: Configure to isolate all GPIO pins in sleep state[0m
[0;32mI (328) sleep: Enable automatic switching of GPIO sleep configuration[0m
[0;32mI (335) main_task: Started on CPU0[0m
[0;32mI (345) main_task: Calling app_main()[0m
[0;32mI (345) LORA: Frequency is 868MHz[0m
[0;32mI (345) RA01S: CONFIG_MISO_GPIO=11[0m
[0;32mI (355) RA01S: CONFIG_MOSI_GPIO=10[0m
[0;32mI (355) RA01S: CONFIG_SCLK_GPIO=9[0m
[0;32mI (355) RA01S: CONFIG_NSS_GPIO=8[0m
[0;32mI (365) RA01S: CONFIG_RST_GPIO=12[0m
[0;32mI (365) RA01S: CONFIG_BUSY_GPIO=13[0m
[0;32mI (375) RA01S: CONFIG_TXEN_GPIO=-1[0m
[0;32mI (375) RA01S: CONFIG_RXEN_GPIO=-1[0m
[0;32mI (375) gpio: GPIO[8]| InputEn: 0| OutputEn: 0| OpenDrain: 0| Pullup: 1| Pulldown: 0| Intr:0 [0m
[0;32mI (385) gpio: GPIO[12]| InputEn: 0| OutputEn: 0| OpenDrain: 0| Pullup: 1| Pulldown: 0| Intr:0 [0m
[0;32mI (395) gpio: GPIO[13]| InputEn: 0| OutputEn: 0| OpenDrain: 0| Pullup: 1| Pulldown: 0| Intr:0 [0m
[0;32mI (405) RA01S: spi_bus_initialize=0[0m
[0;32mI (415) RA01S: spi_bus_add_device=0[0m
[0;33mW (415) LORA: Enable TCXO[0m
[0;32mI (455) RA01S: Reset[0m
[0;32mI (455) RA01S: syncWord=0x1424[0m
[0;32mI (455) RA01S: SX126x installed[0m
[0;33mW (455) RA01S: WriteCommand2 status=0a retry=1[0m
[0;32mI (465) RA01S: tcxoVoltage=3.300000[0m
[0;32mI (475) RA01S: useRegulatorLDO=1[0m
[0;32mI (485) RA01S: SetStopRxTimerOnPreambleDetect enable=0[0m
Key parsed successfully.
failed to parse the key
00000000000000000000000000000000000000000000000000000000000000000000000000000000000000000000000000000000000000000000000000000000000000000000000000000000000000000000000000000000000000000000000000000000000000000000000000000000000000000000000000000000000000000000000000000000000000
the result of the signature verification is -1
I am sending this message: ciao
 of size 4[0;32mI (525) LORA: Start[0m
I am sending in lora this: ciao
[0;32mI (575) LORA: Send success[0m

assert failed: heap_caps_free heap_caps.c:392 (heap != NULL && "free() target pointer is outside heap areas")


Backtrace: 0x40375b9a:0x3fc9cb20 0x4037c1f9:0x3fc9cb40 0x4038399d:0x3fc9cb60 0x403764bf:0x3fc9cc80 0x403839b9:0x3fc9cca0 0x42008c82:0x3fc9ccc0 0x42033b47:0x3fc9cd00 0x4037cc61:0x3fc9cd30




ELF file SHA256: 4bcd79bb5

Rebooting...
ï¿½ï¿½ï¿½ESP-ROM:esp32s3-20210327
Build:Mar 27 2021
rst:0xc (RTC_SW_CPU_RST),boot:0x9 (SPI_FAST_FLASH_BOOT)
Saved PC:0x40375b10
SPIWP:0xee
mode:DIO, clock div:1
load:0x3fce3810,len:0x178c
load:0x403c9700,len:0x4
load:0x403c9704,len:0xcbc
load:0x403cc700,len:0x2d9c
entry 0x403c9914
[0;32mI (31) boot: ESP-IDF v5.2.2 2nd stage bootloader[0m
[0;32mI (31) boot: compile time Jun 26 2024 15:39:06[0m
[0;32mI (31) boot: Multicore bootloader[0m
[0;32mI (34) boot: chip revision: v0.2[0m
[0;32mI (38) boot.esp32s3: Boot SPI Speed : 80MHz[0m
[0;32mI (43) boot.esp32s3: SPI Mode       : DIO[0m
[0;32mI (48) boot.esp32s3: SPI Flash Size : 2MB[0m
[0;32mI (52) boot: bnle:[0m
[0;32mI (61) boot: ## Label            Usage          Type ST Offset   Length[0m
[0;32mI (69) boot:  0 nvs              WiFi data        01 02 00009000 00006000[0m
[0;32mI (76) boot:  1 phy_init         RF data          01 01 0000f000 00001000[0m
[0;32mI (84) boot:  2 factory          factory app      00 00 00010000 00100000[0m
[0;32mI (91) boot: End of partition table[0m
[0;32mI (95) esp_image: segment 0: paddr=00010020 vaddr=3c040020 size=17ae8h ( 97000) map[0m
[0;32mI (121) esp_image: segment 1: paddr=00027b10 vaddr=3fc95a00 size=02b5ch ( 11100) load[0m
[0;32mI (124) esp_image: segment 2: paddr=0002a674 vaddr=40374000 size=059a4h ( 22948) load[0m
[0;32mI (132) esp_image: segment 3: paddr=00030020 vaddr=42000020 size=34a30h (215600) map[0m
[0;32mI (174) esp_image: segment 4: paddr=00064a58 vaddr=403799a4 size=0c03ch ( 49212) load[0m
[0;32mI (185) esp_image: segment 5: paddr=00070a9c vaddr=50000000 size=00004h (     4) load[0m
[0;32mI (185) esp_image: segment 6: paddr=00070aa8 vaddr=600fe000 size=00070h (   112) load[0m
[0;32mI (198) boot: Loaded app from partition at offset 0x10000[0m
[0;32mI (198) boot: Disabling RNG early entropy source...[0m
[0;32mI (214) cpu_start: Multicore app[0m
[0;32mI (224) cpu_start: Pro cpu start user code[0m
[0;32mI (224) cpu_start: cpu freq: 160000000 Hz[0m
[0;32mI (224) cpu_start: Application information:[0m
[0;32mI (227) cpu_start: Project name:     iLot[0m
[0;32mI (232) cpu_start: App version:      713f792-dirty[0m
[0;32mI (237) cpu_start: Compile time:     Jun 27 2024 03:21:23[0m
[0;32mI (243) cpu_start: ELF file SHA256:  4bcd79bb5...[0m
[0;32mI (248) cpu_start: ESP-IDF:          v5.2.2[0m
[0;32mI (253) cpu_start: Min chip rev:     v0.0[0m
[0;32mI (258) cpu_start: Max chip rev:     v0.99 [0m
[0;32mI (263) cpu_start: Chip rev:         v0.2[0m
[0;32mI (268) heap_init: Initializing. RAM available for dynamic allocation:[0m
[0;32mI (275) heap_init: At 3FC99098 len 00050678 (321 KiB): RAM[0m
[0;32mI (281) heap_init: At 3FCE9710 len 00005724 (21 KiB): RAM[0m
[0;32mI (287) heap_init: At 3FCF0000 len 00008000 (32 KiB): DRAM[0m
[0;32mI (293) heap_init: At 600FE070 len 00001F78 (7 KiB): RTCRAM[0m
[0;32mI (300) spi_flash: detected chip: gd[0m
[0;32mI (304) spi_flash: flash io: dio[0m
[0;33mW (308) spi_flash: Detected size(8192k) larger than the size in the binary image header(2048k). Using the size in the binary image header.[0m
[0;32mI (321) sleep: Configure to isolate all GPIO pins in sleep state[0m
[0;32mI (328) sleep: Enable automatic switching of GPIO sleep configuration[0m
[0;32mI (335) main_task: Started on CPU0[0m
[0;32mI (345) main_task: Calling app_main()[0m
[0;32mI (345) LORA: Frequency is 868MHz[0m
[0;32mI (345) RA01S: CONFIG_MISO_GPIO=11[0m
[0;32mI (355) RA01S: CONFIG_MOSI_GPIO=10[0m
[0;32mI (355) RA01S: CONFIG_SCLK_GPIO=9[0m
[0;32mI (355) RA01S: CONFIG_NSS_GPIO=8[0m
[0;32mI (365) RA01S: CONFIG_RST_GPIO=12[0m
[0;32mI (365) RA01S: CONFIG_BUSY_GPIO=13[0m
[0;32mI (375) RA01S: CONFIG_TXEN_GPIO=-1[0m
[0;32mI (375) RA01S: CONFIG_RXEN_GPIO=-1[0m
[0;32mI (375) gpio: GPIO[8]| InputEn: 0| OutputEn: 0| OpenDrain: 0| Pullup: 1| Pulldown: 0| Intr:0 [0m
[0;32mI (385) gpio: GPIO[12]| InputEn: 0| OutputEn: 0| OpenDrain: 0| Pullup: 1| Pulldown: 0| Intr:0 [0m
[0;32mI (395) gpio: GPIO[13]| InputEn: 0| OutputEn: 0| OpenDrain: 0| Pullup: 1| Pulldown: 0| Intr:0 [0m
[0;32mI (405) RA01S: spi_bus_initialize=0[0m
[0;32mI (415) RA01S: spi_bus_add_device=0[0m
[0;33mW (415) LORA: Enable TCXO[0m
[0;32mI (455) RA01S: Reset[0m
[0;32mI (455) RA01S: syncWord=0x1424[0m
[0;32mI (455) RA01S: SX126x installed[0m
[0;33mW (455) RA01S: WriteCommand2 status=0a retry=1[0m
[0;32mI (465) RA01S: tcxoVoltage=3.300000[0m
[0;32mI (475) RA01S: useRegulatorLDO=1[0m
[0;32mI (485) RA01S: SetStopRxTimerOnPreambleDetect enable=0[0m
Key parsed successfully.
failed to parse the key
00000000000000000000000000000000000000000000000000000000000000000000000000000000000000000000000000000000000000000000000000000000000000000000000000000000000000000000000000000000000000000000000000000000000000000000000000000000000000000000000000000000000000000000000000000000000000
the result of the signature verification is -1
I am sending this message: ciao
 of size 4[0;32mI (525) LORA: Start[0m
I am sending in lora this: ciao
[0;32mI (575) LORA: Send success[0m

assert failed: heap_caps_free heap_caps.c:392 (heap != NULL && "free() target pointer is outside heap areas")


Backtrace: 0x40375b9a:0x3fc9cb20 0x4037c1f9:0x3fc9cb40 0x4038399d:0x3fc9cb60 0x403764bf:0x3fc9cc80 0x403839b9:0x3fc9cca0 0x42008c82:0x3fc9ccc0 0x42033b47:0x3fc9cd00 0x4037cc61:0x3fc9cd30




ELF file SHA256: 4bcd79bb5

Rebooting...
ï¿½ï¿½ï¿½ESP-ROM:esp32s3-20210327
Build:Mar 27 2021
rst:0xc (RTC_SW_CPU_RST),boot:0x9 (SPI_FAST_FLASH_BOOT)
Saved PC:0x40375b10
SPIWP:0xee
mode:DIO, clock div:1
load:0x3fce3810,len:0x178c
load:0x403c9700,len:0x4
load:0x403c9704,len:0xcbc
load:0x403cc700,len:0x2d9c
entry 0x403c9914
[0;32mI (31) boot: ESP-IDF v5.2.2 2nd stage bootloader[0m
[0;32mI (31) boot: compile time Jun 26 2024 15:39:06[0m
[0;32mI (31) boot: Multicore bootloader[0m
[0;32mI (34) boot: chip revision: v0.2[0m
[0;32mI (38) boot.esp32s3: Boot SPI Speed : 80MHz[0m
[0;32mI (43) boot.esp32s3: SPI Mode       : DIO[0m
[0;32mI (48) boot.esp32s3: SPI Flash Size : 2MB[0m
[0;32mI (52) boot: Enabling RNG early entropy source...[0m
[0;32mI (58) boot: Partition Table:[0m
[0;32mI (61) boot: ## Label            Usage          Type ST Offset   Length[0m
[0;32mI (69) boot:  0 nvs              WiFi data        01 02 00009000 00006000[0m
[0;32mI (76) boot:  1 phy_init         RF data          01 01 0000f000 00001000[0m
[0;32mI (84) boot:  2 factory          factory app      00 00 00010000 00100000[0m
[0;32mI (91) boot: End of partition table[0m
[0;32mI (95) esp_image: segment 0: paddr=00010020 vaddr=3c040020 size=17ae8h ( 97000) map[0m
[0;32mI (121) esp_image: segment 1: paddr=00027b10 vaddr=3fc95a00 size=02b5ch ( 11100) load[0m
[0;32mI (124) esp_image: segment 2: paddr=0002a674 vaddr=40374000 size=059a4h ( 22948) load[0m
[0;32mI (132) esp_image: segment 3: paddr=00030020 vaddr=42000020 size=34a30h (215600) map[0m
[0;32mI (174) esp_image: segment 4: paddr=00064a58 vaddr=403799a4 size=0c03ch ( 49212) load[0m
[0;32mI (185) esp_image: segment 5: paddr=00070a9c vaddr=50000000 size=00004h (     4) load[0m
[0;32mI (185) esp_image: segment 6: paddr=00070aa8 vaddr=600fe000 size=00070h (   112) load[0m
[0;32mI (198) boot: Loaded app from partition at offset 0x10000[0m
[0;32mI (198) boot: Disabling RNG early entropy source...[0m
[0;32mI (214) cpu_start: Multicore app[0m
[0;32mI (224) cpu_start: Pro cpu start user code[0m
[0;32mI (224) cpu_start: cpu freq: 160000000 Hz[0m
[0;32mI (224) cpu_start: Application information:[0m
[0;32mI (227) cpu_start: Project name:     iLot[0m
[0;32mI (232) cpu_start: App version:      713f792-dirty[0m
[0;32mI (237) cpu_start: Compile time:     Jun 27 2024 03:21:23[0m
[0;32mI (243) cpu_start: ELF file SHA256:  4bcd79bb5...[0m
[0;32mI (248) cpu_start: ESP-IDF:          v5.2.2[0m
[0;32mI (253) cpu_start: Min chip rev:     v0.0[0m
[0;32mI (258) cpu_start: Max chip rev:     v0.99 [0m
[0;32mI (263) cpu_start: Chip rev:         v0.2[0m
[0;32mI (268) heap_init: Initializing. RAM available for dynamic allocation:[0m
[0;32mI (275) heap_init: At 3FC99098 len 00050678 (321 KiB): RAM[0m
[0;32mI (281) heap_init: At 3FCE9710 len 00005724 (21 KiB): RAM[0m
[0;32mI (287) heap_init: At 3FCF0000 len 00008000 (32 KiB): DRAM[0m
[0;32mI (293) heap_init: At 600FE070 len 00001F78 (7 KiB): RTCRAM[0m
[0;32mI (300) spi_flash: detected chip: gd[0m
[0;32mI (304) spi_flash: flash io: dio[0m
