Compile time:     Jul  9 2024 00:39:33[0m
[0;32mI (249) cpu_start: ELF file SHA256:  eca4598b6...[0m
[0;32mI (254) cpu_start: ESP-IDF:          v5.2.2[0m
[0;32mI (259) cpu_start: Min chip rev:     v0.0[0m
[0;32mI (264) cpu_start: Max chip rev:     v0.99 [0m
[0;ï¿½ESP-ROM:esp32s3-20210327
Build:Mar 27 2021
rst:0x1 (POWERON),boot:0x9 (SPI_FAST_FLASH_BOOT)
SPIWP:0xee
mode:DIO, clock div:1
load:0x3fce3810,len:0x178c
load:0x403c9700,len:0x4
load:0x403c9704,len:0xcbc
load:0x403cc700,len:0x2d9c
entry 0x403c9914
[0;32mI (27) boot: ESP-IDF v5.2.2 2nd stage bootloader[0m
[0;32mI (27) boot: compile time Jun 28 2024 16:44:58[0m
[0;32mI (27) boot: Multicore bootloader[0m
[0;32mI (30) boot: chip revision: v0.2[0m
[0;32mI (34) boot.esp32s3: Boot SPI Speed : 80MHz[0m
[0;32mI (38) boot.esp32s3: SPI Mode       : DIO[0m
[0;32mI (43) boot.esp32s3: SPI Flash Size : 2MB[0m
[0;32mI (48) boot: Enabling RNG early entropy source...[0m
[0;32mI (53) boot: Partition Table:[0m
[0;32mI (57) boot: ## Label            Usage          Type ST Offset   Length[0m
[0;32mI (64) boot:  0 nvs              WiFi data        01 02 00009000 00006000[0m
[0;32mI (72) boot:  1 phy_init         RF data          01 01 0000f000 00001000[0m
[0;32mI (79) boot:  2 factory          factory app      00 00 00010000 00100000[0m
[0;32mI (87) boot: End of partition table[0m
[0;32mI (91) esp_image: segment 0: paddr=00010020 vaddr=3c040020 size=1b608h (112136) map[0m
[0;32mI (119) esp_image: segment 1: paddr=0002b630 vaddr=3fc95a00 size=02bbch ( 11196) load[0m
[0;32mI (122) esp_image: segment 2: paddr=0002e1f4 vaddr=40374000 size=01e24h (  7716) load[0m
[0;32mI (127) esp_image: segment 3: paddr=00030020 vaddr=42000020 size=3a0b4h (237748) map[0m
[0;32mI (176) esp_image: segment 4: paddr=0006a0dc vaddr=40375e24 size=0fbbch ( 64444) load[0m
[0;32mI (191) esp_image: segment 5: paddr=00079ca0 vaddr=50000000 size=00004h (     4) load[0m
[0;32mI (191) esp_image: segment 6: paddr=00079cac vaddr=600fe000 size=00070h (   112) load[0m
[0;32mI (204) boot: Loaded app from partition at offset 0x10000[0m
[0;32mI (204) boot: Disabling RNG early entropy source...[0m
[0;32mI (219) cpu_start: Multicore app[0m
[0;32mI (229) cpu_start: Pro cpu start user code[0m
[0;32mI (229) cpu_start: cpu freq: 160000000 Hz[0m
[0;32mI (230) cpu_start: Application information:[0m
[0;32mI (232) cpu_start: Project name:     iLot[0m
[0;32mI (237) cpu_start: App version:      ce1791a-dirty[0m
[0;32mI (243) cpu_start: Compile time:     Jul  9 2024 00:39:33[0m
[0;32mI (249) cpu_start: ELF file SHA256:  eca4598b6...[0m
[0;32mI (254) cpu_start: ESP-IDF:          v5.2.2[0m
[0;32mI (259) cpu_start: Min chip rev:     v0.0[0m
[0;32mI (264) cpu_start: Max chip rev:     v0.99 [0m
[0;32mI (268) cpu_start: Chip rev:         v0.2[0m
[0;32mI (273) heap_init: Initializing. RAM available for dynamic allocation:[0m
[0;32mI (281) heap_init: At 3FC99118 len 000505F8 (321 KiB): RAM[0m
[0;32mI (287) heap_init: At 3FCE9710 len 00005724 (21 KiB): RAM[0m
[0;32mI (293) heap_init: At 3FCF0000 len 00008000 (32 KiB): DRAM[0m
[0;32mI (299) heap_init: At 600FE070 len 00001F78 (7 KiB): RTCRAM[0m
[0;32mI (306) spi_flash: detected chip: gd[0m
[0;32mI (309) spi_flash: flash io: dio[0m
[0;33mW (313) spi_flash: Detected size(8192k) larger than the size in the binary image header(2048k). Using the size in the binary image header.[0m
[0;32mI (326) sleep: Configure to isolate all GPIO pins in sleep state[0m
[0;32mI (333) sleep: Enable automatic switching of GPIO sleep configuration[0m
[0;32mI (341) main_task: Started on CPU0[0m
[0;32mI (351) main_task: Calling app_main()[0m
[0;32mI (351) LORA: Frequency is 868MHz[0m
[0;32mI (351) RA01S: CONFIG_MISO_GPIO=11[0m
[0;32mI (361) RA01S: CONFIG_MOSI_GPIO=10[0m
[0;32mI (361) RA01S: CONFIG_SCLK_GPIO=9[0m
[0;32mI (361) RA01S: CONFIG_NSS_GPIO=8[0m
[0;32mI (371) RA01S: CONFIG_RST_GPIO=12[0m
[0;32mI (371) RA01S: CONFIG_BUSY_GPIO=13[0m
[0;32mI (381) RA01S: CONFIG_TXEN_GPIO=-1[0m
[0;32mI (381) RA01S: CONFIG_RXEN_GPIO=-1[0m
[0;32mI (381) gpio: GPIO[8]| InputEn: 0| OutputEn: 0| OpenDrain: 0| Pullup: 1| Pulldown: 0| Intr:0 [0m
[0;32mI (391) gpio: GPIO[12]| InputEn: 0| OutputEn: 0| OpenDrain: 0| Pullup: 1| Pulldown: 0| Intr:0 [0m
[0;32mI (401) gpio: GPIO[13]| InputEn: 0| OutputEn: 0| OpenDrain: 0| Pullup: 1| Pulldown: 0| Intr:0 [0m
[0;32mI (411) RA01S: spi_bus_initialize=0[0m
[0;32mI (421) RA01S: spi_bus_add_device=0[0m
[0;33mW (421) LORA: Enable TCXO[0m
[0;32mI (461) RA01S: Reset[0m
[0;32mI (461) RA01S: syncWord=0x1424[0m
[0;32mI (461) RA01S: SX126x installed[0m
[0;33mW (461) RA01S: WriteCommand2 status=0a retry=1[0m
[0;32mI (471) RA01S: tcxoVoltage=3.300000[0m
[0;32mI (481) RA01S: useRegulatorLDO=1[0m
[0;32mI (491) RA01S: SetStopRxTimerOnPreambleDetect enable=0[0m
[0;32mI (531) PSPOT_WAKEUP_HANDLER: Enabling EXT1 wakeup on pins GPIO1, GPIO2[0m
[0;32mI (531) NVS_HANDLER: Retrieving value bootcount in NVS storage...[0m
Done
bootcount = 128
wake up number on nvs: 128
wake up number 128
[0;32mI (541) PSPOT_WAKEUP_HANDLER: Wake up caused because of GPIO : [0m
[0;32mI (541) PSPOT_WAKEUP_HANDLER: -2147483648[0m
[0;32mI (551) PSPOT_WAKEUP_HANDLER: 0[0m

WRITTEN MESSAGE IS -1
the ec key is:
the key is: 
-----BEGIN EC PRIVATE KEY-----
MHcCAQEEILas2/EI5Vu1KQNWMZ3xDez7SmB4P7bBR8NCqq2/7Ea+oAoGCCqGSM49
AwEHoUQDQgAEeaFGXLLGEEHOjNIUL1yefddMF6y4tbi+k4slCGpb1AoLg9Qk1V+p
gdT4r7qnoOm/q18B1A5nvVAZVyi6SvCwSg==
-----END EC PRIVATE KEY-----

the key is: 
-----BEGIN PUBLIC KEY-----
MFkwEwYHKoZIzj0CAQYIKoZIzj0DAQcDQgAEeaFGXLLGEEHOjNIUL1yefddMF6y4
tbi+k4slCGpb1AoLg9Qk1V+pgdT4r7qnoOm/q18B1A5nvVAZVyi6SvCwSg==
-----END PUBLIC KEY-----

  . Computing message hash...the message in hexadecimal is:
34383a32373a45323a45323a45353a45343132382d31
 ok
dfe878441793154bbbc68d042cfc8e04d17ab8bf9e2127041eb959241d0d432e
  . Signing message hash... ok (signature length = 72)
3046022100bdb807ce03280dfd076c6e08340c1119a460a6ee4aa7b14c2ce52aaa653461520221009a010b0ec09242e1dcd6ae7c65961cb783f78be1aac75f11bbe5249d559facf100000000000000000000000000000000000000000000000000000000000000000000000000000000000000000000000000000000000000000000000000000000000000
  . Computing message hash...the message in hexadecimal is:
34383a32373a45323a45323a45353a45343132382d31
 ok
dfe878441793154bbbc68d042cfc8e04d17ab8bf9e2127041eb959241d0d432e
  . Preparing verification context... ok
  . Verifying signature... which has lenght 72
 the signature is valid!
the result of the signature verification is 0
I am sending this message: NDg6Mjc6RTI6RTI6RTU6RTQ=:MTI4:NDg6Mjc6RTI6RTI6RTU6RTQxMjgtMQ==:MEYCIQC9uAfOAygN/Qdsbgg0DBEZpGCm7kqnsUws5SqqZTRhUgIhAJoBCw7AkkLh3NaufGWWHLeD94vhqsdfEbvlJJ1Vn6zx
 of size 159[0;32mI (941) LORA: Start[0m
[0;32mI (1221) LORA: Send success[0m
[0;32mI (1221) NVS_HANDLER: Updating value bootcount in NVS storage...[0m
Done
Committing updates in nvs... Done
Entering deep sleep...
