generated siganture:
973f3a80e1692af2f878c32c9acbe9ï¿½ESP-ROM:esp32s3-20210327
Build:Mar 27 2021
rst:0x1 (POWERON),boot:0x8 (SPI_FAST_FLASH_BOOT)
SPIWP:0xee
mode:DIO, clock div:1
load:0x3fce3810,len:0x178c
load:0x403c9700,len:0x4
load:0x403c9704,len:0xcbc
load:0x403cc700,len:0x2d9c
entry 0x403c9914
[0;32mI (27) boot: ESP-IDF v5.2.2 2nd stage bootloader[0m
[0;32mI (27) boot: compile time Jun 26 2024 15:39:06[0m
[0;32mI (27) boot: Multicore bootloader[0m
[0;32mI (30) boot: chip revision: v0.2[0m
[0;32mI (34) boot.esp32s3: Boot SPI Speed : 80MHz[0m
[0;32mI (38) boot.esp32s3: SPI Mode       : DIO[0m
[0;32mI (43) boot.esp32s3: SPI Flash Size : 2MB[0m
[0;32mI (48) boot: Enabling RNG early entropy source...[0m
[0;32mI (53) boot: Partition Table:[0m
[0;32mI (57) boot: ## Label            Usage          Type ST Offset   Length[0m
[0;32mI (64) boot:  0 nvs              WiFi data        01 02 00009000 00006000[0m
[0;32mI (72) boot:  1 phy_init         RF data          01 01 0000f000 00001000[0m
[0;32mI (79) boot:  2 factory          factory app      00 00 00010000 00100000[0m
[0;32mI (87) boot: End of partition table[0m
[0;32mI (91) esp_image: segment 0: paddr=00010020 vaddr=3c040020 size=1b268h (111208) map[0m
[0;32mI (119) esp_image: segment 1: paddr=0002b290 vaddr=3fc95a00 size=02b5ch ( 11100) load[0m
[0;32mI (122) esp_image: segment 2: paddr=0002ddf4 vaddr=40374000 size=02224h (  8740) load[0m
[0;32mI (127) esp_image: segment 3: paddr=00030020 vaddr=42000020 size=37404h (226308) map[0m
[0;32mI (174) esp_image: segment 4: paddr=0006742c vaddr=40376224 size=0f7bch ( 63420) load[0m
[0;32mI (188) esp_image: segment 5: paddr=00076bf0 vaddr=50000000 size=00004h (     4) load[0m
[0;32mI (189) esp_image: segment 6: paddr=00076bfc vaddr=600fe000 size=00070h (   112) load[0m
[0;32mI (201) boot: Loaded app from partition at offset 0x10000[0m
[0;32mI (201) boot: Disabling RNG early entropy source...[0m
[0;32mI (217) cpu_start: Multicore app[0m
[0;32mI (227) cpu_start: Pro cpu start user code[0m
[0;32mI (227) cpu_start: cpu freq: 160000000 Hz[0m
[0;32mI (227) cpu_start: Application information:[0m
[0;32mI (230) cpu_start: Project name:     iLot[0m
[0;32mI (235) cpu_start: App version:      8e7953c-dirty[0m
[0;32mI (240) cpu_start: Compile time:     Jun 26 2024 15:38:49[0m
[0;32mI (246) cpu_start: ELF file SHA256:  b5a187ec1...[0m
[0;32mI (252) cpu_start: ESP-IDF:          v5.2.2[0m
[0;32mI (256) cpu_start: Min chip rev:     v0.0[0m
[0;32mI (261) cpu_start: Max chip rev:     v0.99 [0m
[0;32mI (266) cpu_start: Chip rev:         v0.2[0m
[0;32mI (271) heap_init: Initializing. RAM available for dynamic allocation:[0m
[0;32mI (278) heap_init: At 3FC99098 len 00050678 (321 KiB): RAM[0m
[0;32mI (284) heap_init: At 3FCE9710 len 00005724 (21 KiB): RAM[0m
[0;32mI (290) heap_init: At 3FCF0000 len 00008000 (32 KiB): DRAM[0m
[0;32mI (296) heap_init: At 600FE070 len 00001F78 (7 KiB): RTCRAM[0m
[0;32mI (304) spi_flash: detected chip: gd[0m
[0;32mI (307) spi_flash: flash io: dio[0m
[0;33mW (311) spi_flash: Detected size(8192k) larger than the size in the binary image header(2048k). Using the size in the binary image header.[0m
[0;32mI (324) sleep: Configure to isolate all GPIO pins in sleep state[0m
[0;32mI (331) sleep: Enable automatic switching of GPIO sleep configuration[0m
[0;32mI (338) main_task: Started on CPU0[0m
[0;32mI (348) main_task: Calling app_main()[0m
[0;32mI (348) LORA: Frequency is 868MHz[0m
[0;32mI (348) RA01S: CONFIG_MISO_GPIO=11[0m
[0;32mI (358) RA01S: CONFIG_MOSI_GPIO=10[0m
[0;32mI (358) RA01S: CONFIG_SCLK_GPIO=9[0m
[0;32mI (358) RA01S: CONFIG_NSS_GPIO=8[0m
[0;32mI (368) RA01S: CONFIG_RST_GPIO=12[0m
[0;32mI (368) RA01S: CONFIG_BUSY_GPIO=13[0m
[0;32mI (378) RA01S: CONFIG_TXEN_GPIO=-1[0m
[0;32mI (378) RA01S: CONFIG_RXEN_GPIO=-1[0m
[0;32mI (378) gpio: GPIO[8]| InputEn: 0| OutputEn: 0| OpenDrain: 0| Pullup: 1| Pulldown: 0| Intr:0 [0m
[0;32mI (388) gpio: GPIO[12]| InputEn: 0| OutputEn: 0| OpenDrain: 0| Pullup: 1| Pulldown: 0| Intr:0 [0m
[0;32mI (398) gpio: GPIO[13]| InputEn: 0| OutputEn: 0| OpenDrain: 0| Pullup: 1| Pulldown: 0| Intr:0 [0m
[0;32mI (408) RA01S: spi_bus_initialize=0[0m
[0;32mI (418) RA01S: spi_bus_add_device=0[0m
[0;33mW (418) LORA: Enable TCXO[0m
[0;32mI (458) RA01S: Reset[0m
[0;32mI (458) RA01S: syncWord=0x1424[0m
[0;32mI (458) RA01S: SX126x installed[0m
[0;33mW (458) RA01S: WriteCommand2 status=0a retry=1[0m
[0;32mI (468) RA01S: tcxoVoltage=3.300000[0m
[0;32mI (478) RA01S: useRegulatorLDO=1[0m
[0;32mI (488) RA01S: SetStopRxTimerOnPreambleDetect enable=0[0m
the private key is (in char*) and the lenght is1704:
 -----BEGIN PRIVATE KEY-----
MIIEvQIBADANBgkqhkiG9w0BAQEFAASCBKcwggSjAgEAAoIBAQDOi2NsBxPl7LBh
QzrP3wL5vstzf99aHWHq4sh6m5RlxaK0bOsee13iJPw7LLDlw5SwqRDvsCD1JCtf
PdpXf8aR9ujXK2s4/UgAsm6oKB3VI0/NYWXyXPlDDIWF6BJbApLzJRZUUSdQyvbo
9vB0xO2Q1iJjOd9VCtlzfnu0Z9OgNqDzuQ+6cCmwXppPfEJDP6Pc9c7Dy2GDxFCn
7gZGC4iB0gzam7sv/U53orhHnq17XlQih/3CvapEX8GHb6mVLfWHWwWeP/4ICDkM
1VXRW28yWr8m8kAxBqBzXNGN7LxGKgWxuiWErRJAqxCU4HtD9we7WVfH9x5GKdfK
D+vJzKUlAgMBAAECggEABF2fYhzrL4C3gLLMVzD6Td+Zyszw4mV9GJsnDCpmMlmB
VSl5Ncl7REiuWSzaZ1zhM3O7YymYpL3ZOdfjmdZeUt8CcGvfRhLadwNOgfjpGoR2
zxtILZ2H+kIVP22Wl7xf8Uo/JNSbTWKg4e84SWuRLu7LxsemIBTM4FtTz44jQ79i
IXu46oNgBnNPviA+uygqd2F8BcO2STYC4BqiP3OR7sV+wPCd/Xx7GDAL7CITStrD
DAK2KMNmU4kjDaBGs0wB9pdm8TXdS/78FXF7lmb+njPtw/Vryj0i64gjc3Fo7f+c
ASAp5tPMiHbxzE5694xKmr5B3a7VgWHHob8424/3AQKBgQDso6bRnet9iY3DQIBC
h8MsW4AzXEiEq6B4jD/Sht0OnKoCGKvkIGeMNMCzQxEd68Qnm4R6afrW8o4DL6AX
t96NaV3iZX9q3MPrDFuLJnA+NQD16lIBVc1VTyKpMdWpf/bKst4YsuzcjuoOH3so
Mnxl1d70ori0qby2DOu2CCymJQKBgQDfcWjLuGSaErPKRbwhG46lsrgEDMZyCqzc
SobR7GZayPDfklPVAkjRtRysscLYJ97wdj29v97yAlBpDbCOBCxKwtvprjslGQL2
L92gXmUFD+o3ZqJqz2jxkqMJh1BXB7S7QJ5pr2Lo0DRfC5cUIyBTz2tl4eRU9yic
87tcSBpTAQKBgF0LyCc56gOVl5lDfmsqiLKjU9heG+GWvmVH+DxmbPs23J4wZz4v
A6gcgfy6jTtvndRZERE1JL1p6C8WheNtl+OQn6rKb/xry9lbJY+kUJQVMUiAlzgR
LciychWHE9UvDLIM/MlHaV0cEKn29O0MVN+R5bXZWbkn2JzYncIYmr3FAoGBAIY2
M7EyR9M36qBTtMXaLJugtuFP3x7/BIepiEOtkGl1iyFvXkVzAtRbyiZ8+8Ekacfb
7gf8qOiKtUv0uhkDrqsVUkyRp9sHo/zGEYRTTrB0t8WhM2ueu7Vm0+FUUtCDw246
SSzH+UxISzzP1GZ3FuLgkuz2e1UBxHZJ/D9Y298BAoGAVTG9P5Ux5uG5kcaGuPLl
gAO4n9d4jmhEkekENcqxoOFYNUbfwzDp90wShoqBbTyWhVtAgBI6U4JCJ+/NyNQU
aUah6CWSTA3g12Q+d1qrWbtSR+oMaaXOewh+BBEBKZTuYE2HdUVxB1MWwCci2qt4
jvd27g9pgoCJ/nI52b0qCo8=
-----END PRIVATE KEY-----
,
the key is: 
-----BEGIN RSA PRIVATE KEY-----
MIIEowIBAAKCAQEAzotjbAcT5eywYUM6z98C+b7Lc3/fWh1h6uLIepuUZcWitGzr
Hntd4iT8Oyyw5cOUsKkQ77Ag9SQrXz3aV3/Gkfbo1ytrOP1IALJuqCgd1SNPzWFl
8lz5QwyFhegSWwKS8yUWVFEnUMr26PbwdMTtkNYiYznfVQrZc357tGfToDag87kP
unApsF6aT3xCQz+j3PXOw8thg8RQp+4GRguIgdIM2pu7L/1Od6K4R56te15UIof9
wr2qRF/Bh2+plS31h1sFnj/+CAg5DNVV0VtvMlq/JvJAMQagc1zRjey8RioFsbol
hK0SQKsQlOB7Q/cHu1lXx/ceRinXyg/rycylJQIDAQABAoIBAARdn2Ic6y+At4Cy
zFcw+k3fmcrM8OJlfRibJwwqZjJZgVUpeTXJe0RIrlks2mdc4TNzu2MpmKS92TnX
45nWXlLfAnBr30YS2ncDToH46RqEds8bSC2dh/pCFT9tlpe8X/FKPyTUm01ioOHv
OElrkS7uy8bHpiAUzOBbU8+OI0O/YiF7uOqDYAZzT74gPrsoKndhfAXDtkk2AuAa
oj9zke7FfsDwnf18exgwC+wiE0rawwwCtijDZlOJIw2gRrNMAfaXZvE13Uv+/BVx
e5Zm/p4z7cP1a8o9IuuII3NxaO3/nAEgKebTzIh28cxOeveMSpq+Qd2u1YFhx6G/
ONuP9wECgYEA7KOm0Z3rfYmNw0CAQofDLFuAM1xIhKugeIw/0obdDpyqAhir5CBn
jDTAs0MRHevEJ5uEemn61vKOAy+gF7fejWld4mV/atzD6wxbiyZwPjUA9epSAVXN
VU8iqTHVqX/2yrLeGLLs3I7qDh97KDJ8ZdXe9KK4tKm8tgzrtggspiUCgYEA33Fo
y7hkmhKzykW8IRuOpbK4BAzGcgqs3EqG0exmWsjw35JT1QJI0bUcrLHC2Cfe8HY9
vb/e8gJQaQ2wjgQsSsLb6a47JRkC9i/doF5lBQ/qN2aias9o8ZKjCYdQVwe0u0Ce
aa9i6NA0XwuXFCMgU89rZeHkVPconPO7XEgaUwECgYBdC8gnOeoDlZeZQ35rKoiy
o1PYXhvhlr5lR/g8Zmz7NtyeMGc+LwOoHIH8uo07b53UWRERNSS9aegvFoXjbZfj
kJ+qym/8a8vZWyWPpFCUFTFIgJc4ES3IsnIVhxPVLwyyDPzJR2ldHBCp9vTtDFTf
keW12Vm5J9ic2J3CGJq9xQKBgQCGNjOxMkfTN+qgU7TF2iyboLbhT98e/wSHqYhD
rZBpdYshb15FcwLUW8omfPvBJGnH2+4H/KjoirVL9LoZA66rFVJMkafbB6P8xhGE
U06wdLfFoTNrnru1ZtPhVFLQg8NuOkksx/lMSEs8z9Rmdxbi4JLs9ntVAcR2Sfw/
WNvfAQKBgFUxvT+VMebhuZHGhrjy5YADuJ/XeI5oRJHpBDXKsaDhWDVG38Mw6fdM
EoaKgW08loVbQIASOlOCQifvzcjUFGlGoeglkkwN4NdkPndaq1m7UkfqDGmlznsI
fgQRASmU7mBNh3VFcQdTFsAnItqreI73du4PaYKAif5yOdm9KgqP
-----END RSA PRIVATE KEY-----

starting digital signature process
0181c18078764ad5848b663d535f2c83da82de56
generated siganture:
973f3a80e1692af2f878c32c9acbe918e0387e114e5a90830f743437b7a4149867de2a5df6658560c080b4c943555972f7709d079293e1cef2a11cba44f6ed5f2682bbf8ecd57c979545942ca2569b7fe82f0dd8a9824e3352cfc1e90dbbd701a4b08e4f17bbf78f6d44f98eac7af1137a94bbe2c2c959b639139e0dff23b23780328f1ef3a3ccad55
the signature lenght is 256
I am sending this message: QQ==:MA==:d2FrZSB1cCBudW1iZXIgMA==:lz86gOFpKvL4eMMsmsvpGOA4fhFOWpCDD3Q0N7ekFJhn3ipd9mWFYMCAtMlDVVly93CdB5KT4c7yoRy6RPbtXyaCu/js1XyXlUWULKJWm3/oLw3YqYJOM1LPwekNu9cBpLCOTxe7949tRPmOrHrxE3qUu+LCyVm2OROeDf8jsjeAMo8e86PMrVU=
 of size 219[0;32mI (1398) LORA: Start[0m
I am sending in lora this: QQ==:MA==:d2FrZSB1cCBudW1iZXIgMA==:lz86gOFpKvL4eMMsmsvpGOA4fhFOWpCDD3Q0N7ekFJhn3ipd9mWFYMCAtMlDVVly93CdB5KT4c7yoRy6RPbtXyaCu/js1XyXlUWULKJWm3/oLw3YqYJOM1LPwekNu9cBpLCOTxe7949tRPmOrHrxE3qUu+LCyVm2OROeDf8jsjeAMo8e86PMrVU=
[0;32mI (1798) LORA: Send success[0m
wake up number 0
Entering deep sleep...
ESP-ROM:esp32s3-20210327
Build:Mar 27 2021
rst:0x5 (DSLEEP),boot:0x8 (SPI_FAST_FLASH_BOOT)
pro cpu reset by JTAG
SPIWP:0xee
mode:DIO, clock div:1
load:0x3fce3810,len:0x178c
load:0x403c9700,len:0x4
load:0x403c9704,len:0xcbc
load:0x403cc700,len:0x2d9c
entry 0x403c9914
[0;32mI (28) boot: ESP-IDF v5.2.2 2nd stage bootloader[0m
[0;32mI (29) boot: compile time Jun 26 2024 15:39:06[0m
[0;32mI (29) boot: Multicore bootloader[0m
[0;32mI (32) boot: chip revision: v0.2[0m
[0;32mI (36) boot.esp32s3: Boot SPI Speed : 80MHz[0m
[0;32mI (40) boot.esp32s3: SPI Mode       : DIO[0m
[0;32mI (45) boot.esp32s3: SPI Flash Size : 2MB[0m
[0;32mI (50) boot: Enabling RNG early entropy source...[0m
[0;32mI (55) boot: Partition Table:[0m
[0;32mI (59) boot: ## Label            Usage          Type ST Offset   Length[0m
[0;32mI (66) boot:  0 nvs              WiFi data        01 02 00009000 00006000[0m
[0;32mI (74) boot:  1 phy_init         RF data          01 01 0000f000 00001000[0m
[0;32mI (81) boot:  2 factory          factory app      00 00 00010000 00100000[0m
[0;32mI (89) boot: End of partition table[0m
[0;32mI (93) esp_image: segment 0: paddr=00010020 vaddr=3c040020 size=1b268h (111208) map[0m
[0;32mI (121) esp_image: segment 1: paddr=0002b290 vaddr=3fc95a00 size=02b5ch ( 11100) load[0m
[0;32mI (124) esp_image: segment 2: paddr=0002ddf4 vaddr=40374000 size=02224h (  8740) load[0m
[0;32mI (129) esp_image: segment 3: paddr=00030020 vaddr=42000020 size=37404h (226308) map[0m
[0;32mI (176) esp_image: segment 4: paddr=0006742c vaddr=40376224 size=0f7bch ( 63420) load[0m
[0;32mI (190) esp_image: segment 5: paddr=00076bf0 vaddr=50000000 size=00004h (     4) [0m
[0;32mI (191) esp_image: segment 6: paddr=00076bfc vaddr=600fe000 size=00070h (   112) [0m
[0;32mI (202) boot: Loaded app from partition at offset 0x10000[0m
[0;32mI (203) boot: Disabling RNG early entropy source...[0m
[0;32mI (218) cpu_start: Multicore app[0m
[0;32mI (228) cpu_start: Pro cpu start user code[0m
[0;32mI (228) cpu_start: cpu freq: 160000000 Hz[0m
[0;32mI (228) cpu_start: Application information:[0m
[0;32mI (231) cpu_start: Project name:     iLot[0m
[0;32mI (236) cpu_start: App version:      8e7953c-dirty[0m
[0;32mI (241) cpu_start: Compile time:     Jun 26 2024 15:38:49[0m
[0;32mI (247) cpu_start: ELF file SHA256:  b5a187ec1...[0m
[0;32mI (253) cpu_start: ESP-IDF:          v5.2.2[0m
[0;32mI (258) cpu_start: Min chip rev:     v0.0[0m
[0;32mI (262) cpu_start: Max chip rev:     v0.99 [0m
[0;32mI (267) cpu_start: Chip rev:         v0.2[0m
[0;32mI (272) heap_init: Initializing. RAM available for dynamic allocation:[0m
[0;32mI (279) heap_init: At 3FC99098 len 00050678 (321 KiB): RAM[0m
[0;32mI (285) heap_init: At 3FCE9710 len 00005724 (21 KiB): RAM[0m
[0;32mI (291) heap_init: At 3FCF0000 len 00008000 (32 KiB): DRAM[0m
[0;32mI (298) heap_init: At 600FE070 len 00001F78 (7 KiB): RTCRAM[0m
[0;32mI (305) spi_flash: detected chip: gd[0m
[0;32mI (308) spi_flash: flash io: dio[0m
[0;33mW (312) spi_flash: Detected size(8192k) larger than the size in the binary image header(2048k). Using the size in the binary image header.[0m
[0;32mI (325) sleep: Configure to isolate all GPIO pins in sleep state[0m
[0;32mI (332) sleep: Enable automatic switching of GPIO sleep configuration[0m
[0;32mI (339) main_task: Started on CPU0[0m
[0;32mI (349) main_task: Calling app_main()[0m
[0;32mI (349) LORA: Frequency is 868MHz[0m
[0;32mI (349) RA01S: CONFIG_MISO_GPIO=11[0m
[0;32mI (359) RA01S: CONFIG_MOSI_GPIO=10[0m
[0;32mI (359) RA01S: CONFIG_SCLK_GPIO=9[0m
[0;32mI (359) RA01S: CONFIG_NSS_GPIO=8[0m
[0;32mI (369) RA01S: CONFIG_RST_GPIO=12[0m
[0;32mI (369) RA01S: CONFIG_BUSY_GPIO=13[0m
[0;32mI (379) RA01S: CONFIG_TXEN_GPIO=-1[0m
[0;32mI (379) RA01S: CONFIG_RXEN_GPIO=-1[0m
[0;32mI (379) gpio: GPIO[8]| InputEn: 0| OutputEn: 0| OpenDrain: 0| Pullup: 1| Pulldown: 0| Intr:0 [0m
[0;32mI (389) gpio: GPIO[12]| InputEn: 0| OutputEn: 0| OpenDrain: 0| Pullup: 1| Pulldown: 0| Intr:0 [0m
[0;32mI (399) gpio: GPIO[13]| InputEn: 0| OutputEn: 0| OpenDrain: 0| Pullup: 1| Pulldown: 0| Intr:0 [0m
[0;32mI (409) RA01S: spi_bus_initialize=0[0m
[0;32mI (419) RA01S: spi_bus_add_device=0[0m
[0;33mW (419) LORA: Enable TCXO[0m
[0;32mI (459) RA01S: Reset[0m
[0;32mI (459) RA01S: syncWord=0x1424[0m
[0;32mI (459) RA01S: SX126x installed[0m
[0;33mW (459) RA01S: WriteCommand2 status=0a retry=1[0m
[0;32mI (469) RA01S: tcxoVoltage=3.300000[0m
[0;32mI (479) RA01S: useRegulatorLDO=1[0m
[0;32mI (489) RA01S: SetStopRxTimerOnPreambleDetect enable=0[0m
the private key is (in char*) and the lenght is1704:
 -----BEGIN PRIVATE KEY-----
MIIEvQIBADANBgkqhkiG9w0BAQEFAASCBKcwggSjAgEAAoIBAQDOi2NsBxPl7LBh
QzrP3wL5vstzf99aHWHq4sh6m5RlxaK0bOsee13iJPw7LLDlw5SwqRDvsCD1JCtf
PdpXf8aR9ujXK2s4/UgAsm6oKB3VI0/NYWXyXPlDDIWF6BJbApLzJRZUUSdQyvbo
9vB0xO2Q1iJjOd9VCtlzfnu0Z9OgNqDzuQ+6cCmwXppPfEJDP6Pc9c7Dy2GDxFCn
7gZGC4iB0gzam7sv/U53orhHnq17XlQih/3CvapEX8GHb6mVLfWHWwWeP/4ICDkM
1VXRW28yWr8m8kAxBqBzXNGN7LxGKgWxuiWErRJAqxCU4HtD9we7WVfH9x5GKdfK
D+vJzKUlAgMBAAECggEABF2fYhzrL4C3gLLMVzD6Td+Zyszw4mV9GJsnDCpmMlmB
VSl5Ncl7REiuWSzaZ1zhM3O7YymYpL3ZOdfjmdZeUt8CcGvfRhLadwNOgfjpGoR2
zxtILZ2H+kIVP22Wl7xf8Uo/JNSbTWKg4e84SWuRLu7LxsemIBTM4FtTz44jQ79i
IXu46oNgBnNPviA+uygqd2F8BcO2STYC4BqiP3OR7sV+wPCd/Xx7GDAL7CITStrD
DAK2KMNmU4kjDaBGs0wB9pdm8TXdS/78FXF7lmb+njPtw/Vryj0i64gjc3Fo7f+c
ASAp5tPMiHbxzE5694xKmr5B3a7VgWHHob8424/3AQKBgQDso6bRnet9iY3DQIBC
h8MsW4AzXEiEq6B4jD/Sht0OnKoCGKvkIGeMNMCzQxEd68Qnm4R6afrW8o4DL6AX
t96NaV3iZX9q3MPrDFuLJnA+NQD16lIBVc1VTyKpMdWpf/bKst4YsuzcjuoOH3so
Mnxl1d70ori0qby2DOu2CCymJQKBgQDfcWjLuGSaErPKRbwhG46lsrgEDMZyCqzc
SobR7GZayPDfklPVAkjRtRysscLYJ97wdj29v97yAlBpDbCOBCxKwtvprjslGQL2
L92gXmUFD+o3ZqJqz2jxkqMJh1BXB7S7QJ5pr2Lo0DRfC5cUIyBTz2tl4eRU9yic
87tcSBpTAQKBgF0LyCc56gOVl5lDfmsqiLKjU9heG+GWvmVH+DxmbPs23J4wZz4v
A6gcgfy6jTtvndRZERE1JL1p6C8WheNtl+OQn6rKb/xry9lbJY+kUJQVMUiAlzgR
LciychWHE9UvDLIM/MlHaV0cEKn29O0MVN+R5bXZWbkn2JzYncIYmr3FAoGBAIY2
M7EyR9M36qBTtMXaLJugtuFP3x7/BIepiEOtkGl1iyFvXkVzAtRbyiZ8+8Ekacfb
7gf8qOiKtUv0uhkDrqsVUkyRp9sHo/zGEYRTTrB0t8WhM2ueu7Vm0+FUUtCDw246
SSzH+UxISzzP1GZ3FuLgkuz2e1UBxHZJ/D9Y298BAoGAVTG9P5Ux5uG5kcaGuPLl
gAO4n9d4jmhEkekENcqxoOFYNUbfwzDp90wShoqBbTyWhVtAgBI6U4JCJ+/NyNQU
aUah6CWSTA3g12Q+d1qrWbtSR+oMaaXOewh+BBEBKZTuYE2HdUVxB1MWwCci2qt4
jvd27g9pgoCJ/nI52b0qCo8=
-----END PRIVATE KEY-----
,
the key is: 
-----BEGIN RSA PRIVATE KEY-----
MIIEowIBAAKCAQEAzotjbAcT5eywYUM6z98C+b7Lc3/fWh1h6uLIepuUZcWitGzr
Hntd4iT8Oyyw5cOUsKkQ77Ag9SQrXz3aV3/Gkfbo1ytrOP1IALJuqCgd1SNPzWFl
8lz5QwyFhegSWwKS8yUWVFEnUMr26PbwdMTtkNYiYznfVQrZc357tGfToDag87kP
unApsF6aT3xCQz+j3PXOw8thg8RQp+4GRguIgdIM2pu7L/1Od6K4R56te15UIof9
wr2qRF/Bh2+plS31h1sFnj/+CAg5DNVV0VtvMlq/JvJAMQagc1zRjey8RioFsbol
hK0SQKsQlOB7Q/cHu1lXx/ceRinXyg/rycylJQIDAQABAoIBAARdn2Ic6y+At4Cy
zFcw+k3fmcrM8OJlfRibJwwqZjJZgVUpeTXJe0RIrlks2mdc4TNzu2MpmKS92TnX
45nWXlLfAnBr30YS2ncDToH46RqEds8bSC2dh/pCFT9tlpe8X/FKPyTUm01ioOHv
OElrkS7uy8bHpiAUzOBbU8+OI0O/YiF7uOqDYAZzT74gPrsoKndhfAXDtkk2AuAa
oj9zke7FfsDwnf18exgwC+wiE0rawwwCtijDZlOJIw2gRrNMAfaXZvE13Uv+/BVx
e5Zm/p4z7cP1a8o9IuuII3NxaO3/nAEgKebTzIh28cxOeveMSpq+Qd2u1YFhx6G/
ONuP9wECgYEA7KOm0Z3rfYmNw0CAQofDLFuAM1xIhKugeIw/0obdDpyqAhir5CBn
jDTAs0MRHevEJ5uEemn61vKOAy+gF7fejWld4mV/atzD6wxbiyZwPjUA9epSAVXN
VU8iqTHVqX/2yrLeGLLs3I7qDh97KDJ8ZdXe9KK4tKm8tgzrtggspiUCgYEA33Fo
y7hkmhKzykW8IRuOpbK4BAzGcgqs3EqG0exmWsjw35JT1QJI0bUcrLHC2Cfe8HY9
vb/e8gJQaQ2wjgQsSsLb6a47JRkC9i/doF5lBQ/qN2aias9o8ZKjCYdQVwe0u0Ce
aa9i6NA0XwuXFCMgU89rZeHkVPconPO7XEgaUwECgYBdC8gnOeoDlZeZQ35rKoiy
o1PYXhvhlr5lR/g8Zmz7NtyeMGc+LwOoHIH8uo07b53UWRERNSS9aegvFoXjbZfj
kJ+qym/8a8vZWyWPpFCUFTFIgJc4ES3IsnIVhxPVLwyyDPzJR2ldHBCp9vTtDFTf
keW12Vm5J9ic2J3CGJq9xQKBgQCGNjOxMkfTN+qgU7TF2iyboLbhT98e/wSHqYhD
rZBpdYshb15FcwLUW8omfPvBJGnH2+4H/KjoirVL9LoZA66rFVJMkafbB6P8xhGE
U06wdLfFoTNrnru1ZtPhVFLQg8NuOkksx/lMSEs8z9Rmdxbi4JLs9ntVAcR2Sfw/
WNvfAQKBgFUxvT+VMebhuZHGhrjy5YADuJ/XeI5oRJHpBDXKsaDhWDVG38Mw6fdM
EoaKgW08loVbQIASOlOCQifvzcjUFGlGoeglkkwN4NdkPndaq1m7UkfqDGmlznsI
fgQRASmU7mBNh3VFcQdTFsAnItqreI73du4PaYKAif5yOdm9KgqP
-----END RSA PRIVATE KEY-----

starting digital signature process
59b3ac3d936f1b542f738189729880525ce656a6
generated siganture:
c5a1f322ffc5fd0bebe3b8bc398f1053f10631db6a665d4ef2bf3cb5d719644403badec12a0deb9b47b48467c5bdf6eaaeec2e8413e384f8d567b2521c0a3dc2a6ad98baffafde98a2e889338c817aa1bdb0260e3a8faafcdb67c07cbb0cc2df6a0750f8c5c3121c8638698ae3e86f3ef0e631124b75c3a9510687ca986ef8a1b23eeb511330ff4c29b32ccd763c611c149cce6598858a0cd6fb1537ea1c87f36c29d7881c540fc38774a67839f9ef5e317a023064d36a38554329a2c5c4395414a23e9cbc58bf1cdc5416d915fa473339e93ddf498e54b25c9b7570622fe993bbde87b46d4590fcbde35ef22a9363ba2b400ac94579541246a841abd7293f95
the signature lenght is 256
I am sending this message: QQ==:MA==:d2FrZSB1cCBudW1iZXIgMQ==:xaHzIv/F/Qvr47i8OY8QU/EGMdtqZl1O8r88tdcZZEQDut7BKg3rm0e0hGfFvfbqruwuhBPjhPjVZ7JSHAo9wqatmLr/r96YouiJM4yBeqG9sCYOOo+q/NtnwHy7DMLfagdQ+MXDEhyGOGmK4+hvPvDmMRJLdcOpUQaHyphu+KGyPutREzD/TCmzLM12PGEcFJzOZZiFigzW+xU36hyH82wp14gcVA/Dh3SmeDn5714xegIwZNNqOFVDKaLFxDlUFKI+nLxYvxzcVBbZFfpHMznpPd9JjlSyXJt1cGIv6ZO73oe0bUWQ/L3jXvIqk2O6K0AKyUV5VBJGqEGr1yk/lQ==
 of size 379[0;32mI (1429) LORA: Start[0m
I am sending in lora this: QQ==:MA==:d2FrZSB1cCBudW1iZXIgMQ==:xaHzIv/F/Qvr47i8OY8QU/EGMdtqZl1O8r88tdcZZEQDut7BKg3rm0e0hGfFvfbqruwuhBPjhPjVZ7JSHAo9wqatmLr/r96YouiJM4yBeqG9sCYOOo+q/NtnwHy7DMLfagdQ+MXDEhyGOGmK4+hvPvDmMRJLdcOpUQaHyphu+KGyPutREzD/TCmzLM12PGEcFJzOZZiFigzW+xU36hyH82wp14gcVA/Dh3SmeDn5714xegIwZNNqOFVDKaLFxDlUFKI+nLxYvxzcVBbZFfpHMznpPd9JjlSyXJt1cGIv6ZO73oe0bUWQ/L3jXvIqk2O6K0AKyUV5VBJGqEGr1yk/lQ==
[0;32mI (1469) RA01S: Send rv=0x0[0m
[0;31mE (1479) LORA: Send fail[0m
wake up number 1
Entering deep sleep...
