 heap_init: At 3FCF0000 len 00008000 (32 KiB): DRAM[0m
[0;32mI (260) heap_init: At 600FE010 len 00001FD8 (7 KiB): RTCRAM[0m
[0;32mI (267) spi_flash: detected chip: gd[0m
[0;32mI (271) spi_flash: flash io: dio[0m
[0;33mW (275) spi_flash: Detected size(8192k) larger than the size in the binary imagï¿½ESP-ROM:esp32s3-20210327
Build:Mar 27 2021
rst:0x1 (POWERON),boot:0x29 (SPI_FAST_FLASH_BOOT)
SPIWP:0xee
mode:DIO, clock div:1
load:0x3fce3810,len:0x178c
load:0x403c9700,len:0x4
load:0x403c9704,len:0xcbc
load:0x403cc700,len:0x2d9c
entry 0x403c9914
[0;32mI (27) boot: ESP-IDF v5.2.2 2nd stage bootloader[0m
[0;32mI (27) boot: compile time Jun 25 2024 15:41:31[0m
[0;32mI (27) boot: Multicore bootloader[0m
[0;32mI (30) boot: chip revision: v0.2[0m
[0;32mI (34) boot.esp32s3: Boot SPI Speed : 80MHz[0m
[0;32mI (39) boot.esp32s3: SPI Mode       : DIO[0m
[0;32mI (43) boot.esp32s3: SPI Flash Size : 2MB[0m
[0;32mI (48) boot: Enabling RNG early entropy source...[0m
[0;32mI (53) boot: Partition Table:[0m
[0;32mI (57) boot: ## Label            Usage          Type ST Offset   Length[0m
[0;32mI (64) boot:  0 nvs              WiFi data        01 02 00009000 00006000[0m
[0;32mI (72) boot:  1 phy_init         RF data          01 01 0000f000 00001000[0m
[0;32mI (79) boot:  2 factory          factory app      00 00 00010000 00100000[0m
[0;32mI (87) boot: End of partition table[0m
[0;32mI (91) esp_image: segment 0: paddr=00010020 vaddr=3c030020 size=0d5e0h ( 54752) map[0m
[0;32mI (109) esp_image: segment 1: paddr=0001d608 vaddr=3fc94700 size=02a10h ( 10768) load[0m
[0;32mI (112) esp_image: segment 2: paddr=00020020 vaddr=42000020 size=24070h (147568) map[0m
[0;32mI (143) esp_image: segment 3: paddr=00044098 vaddr=3fc97110 size=00074h (   116) load[0m
[0;32mI (143) esp_image: segment 4: paddr=00044114 vaddr=40374000 size=1063ch ( 67132) load[0m
[0;32mI (170) boot: Loaded app from partition at offset 0x10000[0m
[0;32mI (170) boot: Disabling RNG early entropy source...[0m
[0;32mI (181) cpu_start: Multicore app[0m
[0;32mI (191) cpu_start: Pro cpu start user code[0m
[0;32mI (191) cpu_start: cpu freq: 160000000 Hz[0m
[0;32mI (191) cpu_start: Application information:[0m
[0;32mI (194) cpu_start: Project name:     iLot[0m
[0;32mI (199) cpu_start: App version:      930dcde-dirty[0m
[0;32mI (204) cpu_start: Compile time:     Jun 25 2024 16:24:34[0m
[0;32mI (210) cpu_start: ELF file SHA256:  6fd9d0cbd...[0m
[0;32mI (215) cpu_start: ESP-IDF:          v5.2.2[0m
[0;32mI (220) cpu_start: Min chip rev:     v0.0[0m
[0;32mI (225) cpu_start: Max chip rev:     v0.99 [0m
[0;32mI (230) cpu_start: Chip rev:         v0.2[0m
[0;32mI (235) heap_init: Initializing. RAM available for dynamic allocation:[0m
[0;32mI (242) heap_init: At 3FC97A90 len 00051C80 (327 KiB): RAM[0m
[0;32mI (248) heap_init: At 3FCE9710 len 00005724 (21 KiB): RAM[0m
[0;32mI (254) heap_init: At 3FCF0000 len 00008000 (32 KiB): DRAM[0m
[0;32mI (260) heap_init: At 600FE010 len 00001FD8 (7 KiB): RTCRAM[0m
[0;32mI (267) spi_flash: detected chip: gd[0m
[0;32mI (271) spi_flash: flash io: dio[0m
[0;33mW (275) spi_flash: Detected size(8192k) larger than the size in the binary image header(2048k). Using the size in the binary image header.[0m
[0;32mI (288) sleep: Configure to isolate all GPIO pins in sleep state[0m
[0;32mI (295) sleep: Enable automatic switching of GPIO sleep configuration[0m
[0;32mI (302) main_task: Started on CPU0[0m
[0;32mI (312) main_task: Calling app_main()[0m
[0;32mI (312) MAIN: Frequency is 866MHz[0m
[0;32mI (312) RA01S: CONFIG_MISO_GPIO=11[0m
[0;32mI (322) RA01S: CONFIG_MOSI_GPIO=10[0m
[0;32mI (322) RA01S: CONFIG_SCLK_GPIO=9[0m
[0;32mI (322) RA01S: CONFIG_NSS_GPIO=8[0m
[0;32mI (332) RA01S: CONFIG_RST_GPIO=12[0m
[0;32mI (332) RA01S: CONFIG_BUSY_GPIO=13[0m
[0;32mI (342) RA01S: CONFIG_TXEN_GPIO=-1[0m
[0;32mI (342) RA01S: CONFIG_RXEN_GPIO=-1[0m
[0;32mI (342) gpio: GPIO[8]| InputEn: 0| OutputEn: 0| OpenDrain: 0| Pullup: 1| Pulldown: 0| Intr:0 [0m
[0;32mI (352) gpio: GPIO[12]| InputEn: 0| OutputEn: 0| OpenDrain: 0| Pullup: 1| Pulldown: 0| Intr:0 [0m
[0;32mI (362) gpio: GPIO[13]| InputEn: 0| OutputEn: 0| OpenDrain: 0| Pullup: 1| Pulldown: 0| Intr:0 [0m
[0;32mI (372) RA01S: spi_bus_initialize=0[0m
[0;32mI (382) RA01S: spi_bus_add_device=0[0m
[0;33mW (382) MAIN: Enable TCXO[0m
[0;32mI (422) RA01S: Reset[0m
[0;32mI (422) RA01S: syncWord=0x1424[0m
[0;32mI (422) RA01S: SX126x installed[0m
[0;33mW (422) RA01S: WriteCommand2 status=0a retry=1[0m
[0;32mI (432) RA01S: tcxoVoltage=3.300000[0m
[0;32mI (442) RA01S: useRegulatorLDO=1[0m
[0;32mI (452) RA01S: SetStopRxTimerOnPreambleDetect enable=0[0m
[0;32mI (462) PRIMARY: Start[0m
[0;32mI (522) main_task: Returned from app_main()[0m
[0;33mW (1532) PRIMARY: No response within 100 ticks[0m
[0;33mW (3612) PRIMARY: No response within 100 ticks[0m
[0;33mW (5692) PRIMARY: No response within 100 ticks[0m
[0;32mI (7552) PRIMARY: 14 byte packet received:[Hello World 16][0m
[0;32mI (7552) PRIMARY: Response time is 790 millisecond[0m
[0;32mI (9632) PRIMARY: 15 byte packet received:[Hello World 224][0m
[0;32mI (9632) PRIMARY: Response time is 1010 millisecond[0m
[0;33mW (9632) PRIMARY: No response within 100 ticks[0m
[0;32mI (10872) PRIMARY: 14 byte packet received:[Hello World 16][0m
[0;32mI (10872) PRIMARY: Response time is 170 millisecond[0m
[0;32mI (12942) PRIMARY: 15 byte packet received:[Hello World 224][0m
[0;32mI (12942) PRIMARY: Response time is 1000 millisecond[0m
[0;32mI (15022) PRIMARY: 15 byte packet received:[Hello World 432][0m
[0;32mI (15022) PRIMARY: Response time is 1010 millisecond[0m
[0;33mW (15022) PRIMARY: No response within 100 ticks[0m
[0;32mI (17102) PRIMARY: 15 byte packet received:[Hello World 640][0m
[0;32mI (17102) PRIMARY: Response time is 1010 millisecond[0m
[0;33mW (17102) PRIMARY: No response within 100 ticks[0m
[0;32mI (19182) PRIMARY: 15 byte packet received:[Hello World 848][0m
[0;32mI (19182) PRIMARY: Response time is 1010 millisecond[0m
[0;33mW (19182) PRIMARY: No response within 100 ticks[0m
[0;33mW (21262) PRIMARY: No response within 100 ticks[0m
[0;33mW (23342) PRIMARY: No response within 100 ticks[0m
[0;33mW (25422) PRIMARY: No response within 100 ticks[0m
[0;33mW (27502) PRIMARY: No response within 100 ticks[0m
[0;33mW (29582) PRIMARY: No response within 100 ticks[0m
[0;33mW (31662) PRIMARY: No response within 100 ticks[0m
[0;33mW (33742) PRIMARY: No response within 100 ticks[0m
[0;33mW (35822) PRIMARY: No response within 100 ticks[0m
[0;33mW (37902) PRIMARY: No response within 100 ticks[0m
[0;33mW (39982) PRIMARY: No response within 100 ticks[0m
[0;33mW (42062) PRIMARY: No response within 100 ticks[0m
[0;33mW (44142) PRIMARY: No response within 100 ticks[0m
[0;33mW (46222) PRIMARY: No response within 100 ticks[0m
[0;33mW (48302) PRIMARY: No response within 100 ticks[0m
[0;33mW (50382) PRIMARY: No response within 100 ticks[0m
[0;32mI (51742) PRIMARY: 14 byte packet received:[Hello World 16][0m
[0;32mI (51742) PRIMARY: Response time is 290 millisecond[0m
[0;32mI (53822) PRIMARY: 15 byte packet received:[Hello World 224][0m
[0;32mI (53822) PRIMARY: Response time is 1010 millisecond[0m
[0;33mW (53822) PRIMARY: No response within 100 ticks[0m
[0;32mI (55902) PRIMARY: 15 byte packet received:[Hello World 432][0m
[0;32mI (55902) PRIMARY: Response time is 1010 millisecond[0m
[0;33mW (55902) PRIMARY: No response within 100 ticks[0m
[0;32mI (57982) PRIMARY: 15 byte packet received:[Hello World 640][0m
[0;32mI (57982) PRIMARY: Response time is 1010 millisecond[0m
[0;33mW (57982) PRIMARY: No response within 100 ticks[0m
[0;32mI (60062) PRIMARY: 15 byte packet received:[Hello World 848][0m
[0;32mI (60062) PRIMARY: Response time is 1010 millisecond[0m
[0;33mW (60062) PRIMARY: No response within 100 ticks[0m
ESP-ROM:esp32s3-20210327
Build:Mar 27 2021
rst:0x1 (POWERON),boot:0x29 (SPI_FAST_FLASH_BOOT)
SPIWP:0xee
mode:DIO, clock div:1
load:0x3fce3810,len:0x178c
load:0x403c9700,len:0x4
load:0x403c9704,len:0xcbc
load:0x403cc700,len:0x2d9c
entry 0x403c9914
[0;32mI (27) boot: ESP-IDF v5.2.2 2nd stage bootloader[0m
[0;32mI (27) boot: compile time Jun 25 2024 15:41:31[0m
[0;32mI (27) boot: Multicore bootloader[0m
[0;32mI (30) boot: chip revision: v0.2[0m
[0;32mI (34) boot.esp32s3: Boot SPI Speed : 80MHz[0m
[0;32mI (39) boot.esp32s3: SPI Mode       : DIO[0m
[0;32mI (43) boot.esp32s3: SPI Flash Size : 2MB[0m
[0;32mI (48) boot: Enabling RNG early entropy source...[0m
[0;32mI (53) boot: Partition Table:[0m
[0;32mI (57) boot: ## Label            Usage          Type ST Offset   Length[0m
[0;32mI (64) boot:  0 nvs              WiFi data        01 02 00009000 00006000[0m
[0;32mI (72) boot:  1 phy_init         RF data          01 01 0000f000 00001000[0m
[0;32mI (79) boot:  2 factory          factory app      00 00 00010000 00100000[0m
[0;32mI (87) boot: End of partition table[0m
[0;32mI (91) esp_image: segment 0: paddr=00010020 vaddr=3c030020 size=0d5e0h ( 54752) map[0m
[0;32mI (109) esp_image: segment 1: paddr=0001d608 vaddr=3fc94700 size=02a10h ( 10768) load[0m
[0;32mI (112) esp_image: segment 2: paddr=00020020 vaddr=42000020 size=24070h (147568) map[0m
[0;32mI (143) esp_image: segment 3: paddr=00044098 vaddr=3fc97110 size=00074h (   116) load[0m
[0;32mI (143) esp_image: segment 4: paddr=00044114 vaddr=40374000 size=1063ch ( 67132) load[0m
[0;32mI (170) boot: Loaded app from partition at offset 0x10000[0m
[0;32mI (170) boot: Disabling RNG early entropy source...[0m
[0;32mI (181) cpu_start: Multicore app[0m
[0;32mI (191) cpu_start: Pro cpu start user code[0m
[0;32mI (191) cpu_start: cpu freq: 160000000 Hz[0m
[0;32mI (191) cpu_start: Application information:[0m
[0;32mI (194) cpu_start: Project name:     iLot[0m
[0;32mI (199) cpu_start: App version:      930dcde-dirty[0m
[0;32mI (204) cpu_start: Compile time:     Jun 25 2024 16:24:34[0m
[0;32mI (210) cpu_start: ELF file SHA256:  6fd9d0cbd...[0m
[0;32mI (215) cpu_start: ESP-IDF:          v5.2.2[0m
[0;32mI (220) cpu_start: Min chip rev:     v0.0[0m
[0;32mI (225) cpu_start: Max chip rev:     v0.99 [0m
[0;32mI (230) cpu_start: Chip rev:         v0.2[0m
[0;32mI (235) heap_init: Initializing. RAM available for dynamic allocation:[0m
[0;32mI (242) heap_init: At 3FC97A90 len 00051C80 (327 KiB): RAM[0m
[0;32mI (248) heap_init: At 3FCE9710 len 00005724 (21 KiB): RAM[0m
[0;32mI (254) heap_init: At 3FCF0000 len 00008000 (32 KiB): DRAM[0m
[0;32mI (260) heap_init: At 600FE010 len 00001FD8 (7 KiB): RTCRAM[0m
[0;32mI (267) spi_flash: detected chip: gd[0m
[0;32mI (271) spi_flash: flash io: dio[0m
[0;33mW (275) spi_flash: Detected size(8192k) larger than the size in the binary image header(2048k). Using the size in the binary image header.[0m
[0;32mI (288) sleep: Configure to isolate all GPIO pins in sleep state[0m
[0;32mI (295) sleep: Enable automatic switching of GPIO sleep configuration[0m
[0;32mI (302) main_task: Started on CPU0[0m
[0;32mI (312) main_task: Calling app_main()[0m
[0;32mI (312) MAIN: Frequency is 866MHz[0m
[0;32mI (312) RA01S: CONFIG_MISO_GPIO=11[0m
[0;32mI (322) RA01S: CONFIG_MOSI_GPIO=10[0m
[0;32mI (322) RA01S: CONFIG_SCLK_GPIO=9[0m
[0;32mI (322) RA01S: CONFIG_NSS_GPIO=8[0m
[0;32mI (332) RA01S: CONFIG_RST_GPIO=12[0m
[0;32mI (332) RA01S: CONFIG_BUSY_GPIO=13[0m
[0;32mI (342) RA01S: CONFIG_TXEN_GPIO=-1[0m
[0;32mI (342) RA01S: CONFIG_RXEN_GPIO=-1[0m
[0;32mI (342) gpio: GPIO[8]| InputEn: 0| OutputEn: 0| OpenDrain: 0| Pullup: 1| Pulldown: 0| Intr:0 [0m
[0;32mI (352) gpio: GPIO[12]| InputEn: 0| OutputEn: 0| OpenDrain: 0| Pullup: 1| Pulldown: 0| Intr:0 [0m
[0;32mI (362) gpio: GPIO[13]| InputEn: 0| OutputEn: 0| OpenDrain: 0| Pullup: 1| Pulldown: 0| Intr:0 [0m
[0;32mI (372) RA01S: spi_bus_initialize=0[0m
[0;32mI (382) RA01S: spi_bus_add_device=0[0m
[0;33mW (382) MAIN: Enable TCXO[0m
[0;32mI (422) RA01S: Reset[0m
[0;32mI (422) RA01S: syncWord=0x1424[0m
[0;32mI (422) RA01S: SX126x installed[0m
[0;33mW (422) RA01S: WriteCommand2 status=0a retry=1[0m
[0;32mI (432) RA01S: tcxoVoltage=3.300000[0m
[0;32mI (442) RA01S: useRegulatorLDO=1[0m
[0;32mI (452) RA01S: SetStopRxTimerOnPreambleDetect enable=0[0m
[0;32mI (462) PRIMARY: Start[0m
[0;32mI (522) main_task: Returned from app_main()[0m
[0;33mW (1532) PRIMARY: No response within 100 ticks[0m
[0;33mW (3612) PRIMARY: No response within 100 ticks[0m
[0;33mW (5692) PRIMARY: No response within 100 ticks[0m
[0;33mW (7772) PRIMARY: No response within 100 ticks[0m
[0;32mI (9792) PRIMARY: 14 byte packet received:[Hello World 16][0m
[0;32mI (9792) PRIMARY: Response time is 950 millisecond[0m
[0;32mI (11872) PRIMARY: 15 byte packet received:[Hello World 224][0m
[0;32mI (11872) PRIMARY: Response time is 1010 millisecond[0m
[0;33mW (11872) PRIMARY: No response within 100 ticks[0m
[0;32mI (13952) PRIMARY: 15 byte packet received:[Hello World 432][0m
[0;32mI (13952) PRIMARY: Response time is 1010 millisecond[0m
[0;33mW (13952) PRIMARY: No response within 100 ticks[0m
[0;32mI (16032) PRIMARY: 15 byte packet received:[Hello World 640][0m
[0;32mI (16032) PRIMARY: Response time is 1010 millisecond[0m
[0;33mW (16032) PRIMARY: No response within 100 ticks[0m
[0;32mI (18112) PRIMARY: 15 byte packet received:[Hello World 848][0m
[0;32mI (18112) PRIMARY: Response time is 1010 millisecond[0m
[0;33mW (18112) PRIMARY: No response within 100 ticks[0m
[0;32mI (20192) PRIMARY: 16 byte packet received:[Hello World 1056][0m
[0;32mI (20192) PRIMARY: Response time is 1010 millisecond[0m
[0;33mW (20192) PRIMARY: No response within 100 ticks[0m
[0;32mI (22272) PRIMARY: 16 byte packet received:[Hello World 1264][0m
[0;32mI (22272) PRIMARY: Response time is 1010 millisecond[0m
[0;33mW (22272) PRIMARY: No response within 100 ticks[0m
[0;32mI (24352) PRIMARY: 16 byte packet received:[Hello World 1472][0m
[0;32mI (24352) PRIMARY: Response time is 1010 millisecond[0m
[0;33mW (24352) PRIMARY: No response within 100 ticks[0m
[0;32mI (26432) PRIMARY: 16 byte packet received:[Hello World 1680][0m
[0;32mI (26432) PRIMARY: Response time is 1010 millisecond[0m
[0;33mW (26432) PRIMARY: No response within 100 ticks[0m
[0;32mI (28512) PRIMARY: 16 byte packet received:[Hello World 1888][0m
[0;32mI (28512) PRIMARY: Response time is 1010 millisecond[0m
[0;33mW (28512) PRIMARY: No response within 100 ticks[0m
[0;32mI (30592) PRIMARY: 16 byte packet received:[Hello World 2096][0m
[0;32mI (30592) PRIMARY: Response time is 1010 millisecond[0m
[0;33mW (30592) PRIMARY: No response within 100 ticks[0m
[0;32mI (32672) PRIMARY: 16 byte packet received:[Hello World 2304][0m
[0;32mI (32672) PRIMARY: Response time is 1010 millisecond[0m
[0;33mW (32672) PRIMARY: No response within 100 ticks[0m
[0;32mI (34752) PRIMARY: 16 byte packet received:[Hello World 2512][0m
[0;32mI (34752) PRIMARY: Response time is 1010 millisecond[0m
[0;33mW (34752) PRIMARY: No response within 100 ticks[0m
[0;32mI (36832) PRIMARY: 16 byte packet received:[Hello World 2720][0m
[0;32mI (36832) PRIMARY: Response time is 1010 millisecond[0m
[0;33mW (36832) PRIMARY: No response within 100 ticks[0m
