) cpu_start: Chip rev:         v0.2[0m
[0;32mI (235) heap_init: Initializing. RAM available for dynamic allocation:[0m
[0;32mI (242) heap_init: At 3FC97A90 len 00051C80 (327 KiB): RAM[0m
[0;32mI (248) heap_init: At 3FCE9710 len 000ï¿½ESP-ROM:esp32s3-20210327
Build:Mar 27 2021
rst:0x1 (POWERON),boot:0x9 (SPI_FAST_FLASH_BOOT)
SPIWP:0xee
mode:DIO, clock div:1
load:0x3fce3810,len:0x178c
load:0x403c9700,len:0x4
load:0x403c9704,len:0xcbc
load:0x403cc700,len:0x2d9c
entry 0x403c9914
[0;32mI (27) boot: ESP-IDF v5.2.2 2nd stage bootloader[0m
[0;32mI (27) boot: compile time Jun 25 2024 15:41:31[0m
[0;32mI (27) boot: Multicore bootloader[0m
[0;32mI (30) boot: chip revision: v0.2[0m
[0;32mI (34) boot.esp32s3: Boot SPI Speed : 80MHz[0m
[0;32mI (38) boot.esp32s3: SPI Mode       : DIO[0m
[0;32mI (43) boot.esp32s3: SPI Flash Size : 2MB[0m
[0;32mI (48) boot: Enabling RNG early entropy source...[0m
[0;32mI (53) boot: Partition Table:[0m
[0;32mI (57) boot: ## Label            Usage          Type ST Offset   Length[0m
[0;32mI (64) boot:  0 nvs              WiFi data        01 02 00009000 00006000[0m
[0;32mI (72) boot:  1 phy_init         RF data          01 01 0000f000 00001000[0m
[0;32mI (79) boot:  2 factory          factory app      00 00 00010000 00100000[0m
[0;32mI (87) boot: End of partition table[0m
[0;32mI (91) esp_image: segment 0: paddr=00010020 vaddr=3c030020 size=0d5e0h ( 54752) map[0m
[0;32mI (109) esp_image: segment 1: paddr=0001d608 vaddr=3fc94700 size=02a10h ( 10768) load[0m
[0;32mI (112) esp_image: segment 2: paddr=00020020 vaddr=42000020 size=24070h (147568) map[0m
[0;32mI (143) esp_image: segment 3: paddr=00044098 vaddr=3fc97110 size=00074h (   116) load[0m
[0;32mI (143) esp_image: segment 4: paddr=00044114 vaddr=40374000 size=1063ch ( 67132) load[0m
[0;32mI (170) boot: Loaded app from partition at offset 0x10000[0m
[0;32mI (170) boot: Disabling RNG early entropy source...[0m
[0;32mI (181) cpu_start: Multicore app[0m
[0;32mI (191) cpu_start: Pro cpu start user code[0m
[0;32mI (191) cpu_start: cpu freq: 160000000 Hz[0m
[0;32mI (191) cpu_start: Application information:[0m
[0;32mI (194) cpu_start: Project name:     iLot[0m
[0;32mI (199) cpu_start: App version:      930dcde-dirty[0m
[0;32mI (204) cpu_start: Compile time:     Jun 25 2024 15:55:51[0m
[0;32mI (211) cpu_start: ELF file SHA256:  16bbda54e...[0m
[0;32mI (216) cpu_start: ESP-IDF:          v5.2.2[0m
[0;32mI (221) cpu_start: Min chip rev:     v0.0[0m
[0;32mI (225) cpu_start: Max chip rev:     v0.99 [0m
[0;32mI (230) cpu_start: Chip rev:         v0.2[0m
[0;32mI (235) heap_init: Initializing. RAM available for dynamic allocation:[0m
[0;32mI (242) heap_init: At 3FC97A90 len 00051C80 (327 KiB): RAM[0m
[0;32mI (248) heap_init: At 3FCE9710 len 00005724 (21 KiB): RAM[0m
[0;32mI (254) heap_init: At 3FCF0000 len 00008000 (32 KiB): DRAM[0m
[0;32mI (261) heap_init: At 600FE010 len 00001FD8 (7 KiB): RTCRAM[0m
[0;32mI (268) spi_flash: detected chip: gd[0m
[0;32mI (271) spi_flash: flash io: dio[0m
[0;33mW (275) spi_flash: Detected size(8192k) larger than the size in the binary image header(2048k). Using the size in the binary image header.[0m
[0;32mI (288) sleep: Configure to isolate all GPIO pins in sleep state[0m
[0;32mI (295) sleep: Enable automatic switching of GPIO sleep configuration[0m
[0;32mI (302) main_task: Started on CPU0[0m
[0;32mI (312) main_task: Calling app_main()[0m
[0;32mI (312) MAIN: Frequency is 866MHz[0m
[0;32mI (312) RA01S: CONFIG_MISO_GPIO=37[0m
[0;32mI (322) RA01S: CONFIG_MOSI_GPIO=35[0m
[0;32mI (322) RA01S: CONFIG_SCLK_GPIO=36[0m
[0;32mI (322) RA01S: CONFIG_NSS_GPIO=34[0m
[0;32mI (332) RA01S: CONFIG_RST_GPIO=38[0m
[0;32mI (332) RA01S: CONFIG_BUSY_GPIO=39[0m
[0;32mI (342) RA01S: CONFIG_TXEN_GPIO=-1[0m
[0;32mI (342) RA01S: CONFIG_RXEN_GPIO=-1[0m
[0;32mI (342) gpio: GPIO[34]| InputEn: 0| OutputEn: 0| OpenDrain: 0| Pullup: 1| Pulldown: 0| Intr:0 [0m
[0;32mI (352) gpio: GPIO[38]| InputEn: 0| OutputEn: 0| OpenDrain: 0| Pullup: 1| Pulldown: 0| Intr:0 [0m
[0;32mI (362) gpio: GPIO[39]| InputEn: 0| OutputEn: 0| OpenDrain: 0| Pullup: 1| Pulldown: 0| Intr:0 [0m
[0;32mI (372) RA01S: spi_bus_initialize=0[0m
[0;32mI (382) RA01S: spi_bus_add_device=0[0m
[0;33mW (382) MAIN: Enable TCXO[0m
[0;31mE (5312) task_wdt: Task watchdog got triggered. The following tasks/users did not reset the watchdog in time:[0m
[0;31mE (5312) task_wdt:  - IDLE0 (CPU 0)[0m
[0;31mE (5312) task_wdt: Tasks currently running:[0m
[0;31mE (5312) task_wdt: CPU 0: main[0m
[0;31mE (5312) task_wdt: CPU 1: IDLE1[0m
[0;31mE (5312) task_wdt: Print CPU 0 (current core) backtrace[0m


Backtrace: 0x4200E67B:0x3FC95670 0x4200EA98:0x3FC95690 0x40377305:0x3FC956C0 0x40041A73:0x3FC9B630 0x42008ABD:0x3FC9B650 0x42008B37:0x3FC9B670 0x420091A8:0x3FC9B690 0x4200870F:0x3FC9B6D0 0x42023187:0x3FC9B700 0x4037B8BD:0x3FC9B730

[0;31mE (5422) RA01S: WaitForIdle Timeout timeout=5000[0m
