ESP-ROM:esp32s3-20210327
Build:Mar 27 2021
rst:0x1 (POWERON),boot:0x8 (SPI_FAST_FLASH_BOOT)
SPIWP:0xee
mode:DIO, clock div:1
load:0x3fce3810,len:0x178c
load:0x403c9700,len:0x4
load:0x403c9704,len:0xcbc
load:0x403cc700,len:0x2d9c
entry 0x403c9914
[0;32mI (27) boot: ESP-IDF v5.2.2 2nd stage bootloader[0m
[0;32mI (27) boot: compile time Jun 26 2024 15:39:06[0m
[0;32mI (27) boot: Multicore bootloader[0m
[0;32mI (30) boot: chip revision: v0.2[0m
[0;32mI (34) boot.esp32s3: Boot SPI Speed : 80MHz[0m
[0;32mI (38) boot.esp32s3: SPI Mode       : DIO[0m
[0;32mI (43) boot.esp32s3: SPI Flash Size : 2MB[0m
[0;32mI (48) boot: Enabling RNG early entropy source...[0m
[0;32mI (53) boot: Partition Table:[0m
[0;32mI (57) boot: ## Label            Usage          Type ST Offset   Length[0m
[0;32mI (64) boot:  0 nvs              WiFi data        01 02 00009000 00006000[0m
[0;32mI (72) boot:  1 phy_init         RF data          01 01 0000f000 00001000[0m
[0;32mI (79) boot:  2 factory          factory app      00 00 00010000 00100000[0m
[0;32mI (87) boot: End of partition table[0m
[0;32mI (91) esp_image: segment 0: paddr=00010020 vaddr=3c040020 size=18258h ( 98904) map[0m
[0;32mI (117) esp_image: segment 1: paddr=00028280 vaddr=3fc95a00 size=02b5ch ( 11100) load[0m
[0;32mI (120) esp_image: segment 2: paddr=0002ade4 vaddr=40374000 size=05234h ( 21044) load[0m
[0;32mI (127) esp_image: segment 3: paddr=00030020 vaddr=42000020 size=352f4h (217844) map[0m
[0;32mI (170) esp_image: segment 4: paddr=0006531c vaddr=40379234 size=0c7ach ( 51116) load[0m
[0;32mI (182) esp_image: segment 5: paddr=00071ad0 vaddr=50000000 size=00004h (     4) load[0m
[0;32mI (182) esp_image: segment 6: paddr=00071adc vaddr=600fe000 size=00070h (   112) load[0m
[0;32mI (195) boot: Loaded app from partition at offset 0x10000[0m
[0;32mI (195) boot: Disabling RNG early entropy source...[0m
[0;32mI (210) cpu_start: Multicore app[0m
[0;32mI (220) cpu_start: Pro cpu start user code[0m
[0;32mI (221) cpu_start: cpu freq: 160000000 Hz[0m
[0;32mI (221) cpu_start: Application information:[0m
[0;32mI (224) cpu_start: Project name:     iLot[0m
[0;32mI (228) cpu_start: App version:      0511eb6-dirty[0m
[0;32mI (234) cpu_start: Compile time:     Jun 28 2024 09:32:41[0m
[0;32mI (240) cpu_start: ELF file SHA256:  81da15514...[0m
[0;32mI (245) cpu_start: ESP-IDF:          v5.2.2[0m
[0;32mI (250) cpu_start: Min chip rev:     v0.0[0m
[0;32mI (255) cpu_start: Max chip rev:     v0.99 [0m
[0;32mI (260) cpu_start: Chip rev:         v0.2[0m
[0;32mI (264) heap_init: Initializing. RAM available for dynamic allocation:[0m
[0;32mI (272) heap_init: At 3FC99098 len 00050678 (321 KiB): RAM[0m
[0;32mI (278) heap_init: At 3FCE9710 len 00005724 (21 KiB): RAM[0m
[0;32mI (284) heap_init: At 3FCF0000 len 00008000 (32 KiB): DRAM[0m
[0;32mI (290) heap_init: At 600FE070 len 00001F78 (7 KiB): RTCRAM[0m
[0;32mI (297) spi_flash: detected chip: gd[0m
[0;32mI (300) spi_flash: flash io: dio[0m
[0;33mW (304) spi_flash: Detected size(8192k) larger than the size in the binary image header(2048k). Using the size in the binary image header.[0m
[0;32mI (318) sleep: Configure to isolate all GPIO pins in sleep state[0m
[0;32mI (324) sleep: Enable automatic switching of GPIO sleep configuration[0m
[0;32mI (332) main_task: Started on CPU0[0m
[0;32mI (342) main_task: Calling app_main()[0m
[0;32mI (342) LORA: Frequency is 868MHz[0m
[0;32mI (342) RA01S: CONFIG_MISO_GPIO=11[0m
[0;32mI (352) RA01S: CONFIG_MOSI_GPIO=10[0m
[0;32mI (352) RA01S: CONFIG_SCLK_GPIO=9[0m
[0;32mI (352) RA01S: CONFIG_NSS_GPIO=8[0m
[0;32mI (362) RA01S: CONFIG_RST_GPIO=12[0m
[0;32mI (362) RA01S: CONFIG_BUSY_GPIO=13[0m
[0;32mI (372) RA01S: CONFIG_TXEN_GPIO=-1[0m
[0;32mI (372) RA01S: CONFIG_RXEN_GPIO=-1[0m
[0;32mI (372) gpio: GPIO[8]| InputEn: 0| OutputEn: 0| OpenDrain: 0| Pullup: 1| Pulldown: 0| Intr:0 [0m
[0;32mI (382) gpio: GPIO[12]| InputEn: 0| OutputEn: 0| OpenDrain: 0| Pullup: 1| Pulldown: 0| Intr:0 [0m
[0;32mI (392) gpio: GPIO[13]| InputEn: 0| OutputEn: 0| OpenDrain: 0| Pullup: 1| Pulldown: 0| Intr:0 [0m
[0;32mI (402) RA01S: spi_bus_initialize=0[0m
[0;32mI (412) RA01S: spi_bus_add_device=0[0m
[0;33mW (412) LORA: Enable TCXO[0m
[0;32mI (452) RA01S: Reset[0m
[0;32mI (452) RA01S: syncWord=0x1424[0m
[0;32mI (452) RA01S: SX126x installed[0m
[0;33mW (452) RA01S: WriteCommand2 status=0a retry=1[0m
[0;32mI (462) RA01S: tcxoVoltage=3.300000[0m
[0;32mI (472) RA01S: useRegulatorLDO=1[0m
[0;32mI (482) RA01S: SetStopRxTimerOnPreambleDetect enable=0[0m
  . Computing message hash... ok
51391bf0ab33e8272bcfca0d61b5ab242391822f331fe51ac5930b58da8e5b25
  . Signing message hash... ok (signature length = 72)
30460221008e6b87dbd143e5053fbdd7c95fc6a5f8e6df68f63e8077a37d07d6416b268c66022100f05532fa20baa0edaaa92562f4d2f2692cf17a9132cd4c0302d39fd2ea49527d00000000000000000000000000000000000000000000000000000000000000000000000000000000000000000000000000000000000000000000000000000000000000
I am sending this message: QQ==:MA==:d2FrZSB1cCBudW1iZXIgMA==:MEYCIQ==
 of size 43[0;32mI (582) LORA: Start[0m
I am sending in lora this: QQ==:MA==:d2FrZSB1cCBudW1iZXIgMA==:MEYCIQ==
[0;32mI (692) LORA: Send success[0m
wake up number 0
Entering deep sleep...
